Archive member included to satisfy reference by file (symbol)

F:/Embedded&Automotive/S32K144/Install/S32DS/build_tools/gcc_v6.3/gcc-6.3-arm32-eabi/arm-none-eabi/newlib/lib/thumb/v7e-m\libc.a(lib_a-exit.o)
                              F:/Embedded&Automotive/S32K144/Install/S32DS/build_tools/gcc_v6.3/gcc-6.3-arm32-eabi/arm-none-eabi/newlib/lib/thumb/v7e-m/crt0.o (exit)
F:/Embedded&Automotive/S32K144/Install/S32DS/build_tools/gcc_v6.3/gcc-6.3-arm32-eabi/arm-none-eabi/newlib/lib/thumb/v7e-m\libc.a(lib_a-impure.o)
                              F:/Embedded&Automotive/S32K144/Install/S32DS/build_tools/gcc_v6.3/gcc-6.3-arm32-eabi/arm-none-eabi/newlib/lib/thumb/v7e-m\libc.a(lib_a-exit.o) (_global_impure_ptr)
F:/Embedded&Automotive/S32K144/Install/S32DS/build_tools/gcc_v6.3/gcc-6.3-arm32-eabi/arm-none-eabi/newlib/lib/thumb/v7e-m\libc.a(lib_a-init.o)
                              F:/Embedded&Automotive/S32K144/Install/S32DS/build_tools/gcc_v6.3/gcc-6.3-arm32-eabi/arm-none-eabi/newlib/lib/thumb/v7e-m/crt0.o (__libc_init_array)
F:/Embedded&Automotive/S32K144/Install/S32DS/build_tools/gcc_v6.3/gcc-6.3-arm32-eabi/arm-none-eabi/newlib/lib/thumb/v7e-m\libc.a(lib_a-memset.o)
                              F:/Embedded&Automotive/S32K144/Install/S32DS/build_tools/gcc_v6.3/gcc-6.3-arm32-eabi/arm-none-eabi/newlib/lib/thumb/v7e-m/crt0.o (memset)
F:/Embedded&Automotive/S32K144/Install/S32DS/build_tools/gcc_v6.3/gcc-6.3-arm32-eabi/arm-none-eabi/newlib/lib/thumb/v7e-m\libc.a(lib_a-__call_atexit.o)
                              F:/Embedded&Automotive/S32K144/Install/S32DS/build_tools/gcc_v6.3/gcc-6.3-arm32-eabi/arm-none-eabi/newlib/lib/thumb/v7e-m\libc.a(lib_a-exit.o) (__call_exitprocs)
F:/Embedded&Automotive/S32K144/Install/S32DS/build_tools/gcc_v6.3/gcc-6.3-arm32-eabi/arm-none-eabi/newlib/lib/thumb/v7e-m\libc.a(lib_a-fini.o)
                              F:/Embedded&Automotive/S32K144/Install/S32DS/build_tools/gcc_v6.3/gcc-6.3-arm32-eabi/arm-none-eabi/newlib/lib/thumb/v7e-m\libc.a(lib_a-__call_atexit.o) (__libc_fini_array)
F:/Embedded&Automotive/S32K144/Install/S32DS/build_tools/gcc_v6.3/gcc-6.3-arm32-eabi/arm-none-eabi/newlib/lib/thumb/v7e-m\libc.a(lib_a-atexit.o)
                              F:/Embedded&Automotive/S32K144/Install/S32DS/build_tools/gcc_v6.3/gcc-6.3-arm32-eabi/arm-none-eabi/newlib/lib/thumb/v7e-m\libc.a(lib_a-__call_atexit.o) (atexit)
F:/Embedded&Automotive/S32K144/Install/S32DS/build_tools/gcc_v6.3/gcc-6.3-arm32-eabi/arm-none-eabi/newlib/lib/thumb/v7e-m\libc.a(lib_a-__atexit.o)
                              F:/Embedded&Automotive/S32K144/Install/S32DS/build_tools/gcc_v6.3/gcc-6.3-arm32-eabi/arm-none-eabi/newlib/lib/thumb/v7e-m\libc.a(lib_a-atexit.o) (__register_exitproc)
F:/Embedded&Automotive/S32K144/Install/S32DS/build_tools/gcc_v6.3/gcc-6.3-arm32-eabi/arm-none-eabi/newlib/lib/thumb/v7e-m\libnosys.a(_exit.o)
                              F:/Embedded&Automotive/S32K144/Install/S32DS/build_tools/gcc_v6.3/gcc-6.3-arm32-eabi/arm-none-eabi/newlib/lib/thumb/v7e-m\libc.a(lib_a-exit.o) (_exit)

Allocating common symbols
Common symbol       size              file

IFLAG1_Reg          0x4               ./src/Can.o

Discarded input sections

 .text          0x00000000        0x0 f:/embedded&automotive/s32k144/install/s32ds/build_tools/gcc_v6.3/gcc-6.3-arm32-eabi/bin/../lib/gcc/arm-none-eabi/6.3.1/thumb/v7e-m/crti.o
 .data          0x00000000        0x0 f:/embedded&automotive/s32k144/install/s32ds/build_tools/gcc_v6.3/gcc-6.3-arm32-eabi/bin/../lib/gcc/arm-none-eabi/6.3.1/thumb/v7e-m/crti.o
 .bss           0x00000000        0x0 f:/embedded&automotive/s32k144/install/s32ds/build_tools/gcc_v6.3/gcc-6.3-arm32-eabi/bin/../lib/gcc/arm-none-eabi/6.3.1/thumb/v7e-m/crti.o
 .data          0x00000000        0x4 f:/embedded&automotive/s32k144/install/s32ds/build_tools/gcc_v6.3/gcc-6.3-arm32-eabi/bin/../lib/gcc/arm-none-eabi/6.3.1/thumb/v7e-m/crtbegin.o
 .data          0x00000000        0x0 F:/Embedded&Automotive/S32K144/Install/S32DS/build_tools/gcc_v6.3/gcc-6.3-arm32-eabi/arm-none-eabi/newlib/lib/thumb/v7e-m/crt0.o
 .bss           0x00000000        0x0 F:/Embedded&Automotive/S32K144/Install/S32DS/build_tools/gcc_v6.3/gcc-6.3-arm32-eabi/arm-none-eabi/newlib/lib/thumb/v7e-m/crt0.o
 .ARM.extab     0x00000000        0x0 F:/Embedded&Automotive/S32K144/Install/S32DS/build_tools/gcc_v6.3/gcc-6.3-arm32-eabi/arm-none-eabi/newlib/lib/thumb/v7e-m/crt0.o
 .group         0x00000000        0x8 ./Project_Settings/Startup_Code/startup.o
 .group         0x00000000        0x8 ./Project_Settings/Startup_Code/startup.o
 .group         0x00000000        0x8 ./Project_Settings/Startup_Code/startup.o
 .group         0x00000000        0x8 ./Project_Settings/Startup_Code/startup.o
 .group         0x00000000        0x8 ./Project_Settings/Startup_Code/startup.o
 .group         0x00000000        0x8 ./Project_Settings/Startup_Code/startup.o
 .group         0x00000000        0x8 ./Project_Settings/Startup_Code/startup.o
 .group         0x00000000        0x8 ./Project_Settings/Startup_Code/startup.o
 .group         0x00000000        0x8 ./Project_Settings/Startup_Code/startup.o
 .group         0x00000000        0x8 ./Project_Settings/Startup_Code/startup.o
 .group         0x00000000        0x8 ./Project_Settings/Startup_Code/startup.o
 .group         0x00000000        0x8 ./Project_Settings/Startup_Code/startup.o
 .group         0x00000000        0x8 ./Project_Settings/Startup_Code/startup.o
 .text          0x00000000        0x0 ./Project_Settings/Startup_Code/startup.o
 .data          0x00000000        0x0 ./Project_Settings/Startup_Code/startup.o
 .bss           0x00000000        0x0 ./Project_Settings/Startup_Code/startup.o
 .rodata.s_vectors
                0x00000000        0x4 ./Project_Settings/Startup_Code/startup.o
 .data          0x00000000        0x0 ./Project_Settings/Startup_Code/startup_S32K144.o
 .bss           0x00000000        0x0 ./Project_Settings/Startup_Code/startup_S32K144.o
 .group         0x00000000        0x8 ./Project_Settings/Startup_Code/system_S32K144.o
 .group         0x00000000        0x8 ./Project_Settings/Startup_Code/system_S32K144.o
 .group         0x00000000        0x8 ./Project_Settings/Startup_Code/system_S32K144.o
 .group         0x00000000        0x8 ./Project_Settings/Startup_Code/system_S32K144.o
 .group         0x00000000        0x8 ./Project_Settings/Startup_Code/system_S32K144.o
 .group         0x00000000        0x8 ./Project_Settings/Startup_Code/system_S32K144.o
 .group         0x00000000        0x8 ./Project_Settings/Startup_Code/system_S32K144.o
 .group         0x00000000        0x8 ./Project_Settings/Startup_Code/system_S32K144.o
 .group         0x00000000        0x8 ./Project_Settings/Startup_Code/system_S32K144.o
 .group         0x00000000        0x8 ./Project_Settings/Startup_Code/system_S32K144.o
 .group         0x00000000        0x8 ./Project_Settings/Startup_Code/system_S32K144.o
 .group         0x00000000        0x8 ./Project_Settings/Startup_Code/system_S32K144.o
 .group         0x00000000        0x8 ./Project_Settings/Startup_Code/system_S32K144.o
 .group         0x00000000        0x8 ./Project_Settings/Startup_Code/system_S32K144.o
 .text          0x00000000        0x0 ./Project_Settings/Startup_Code/system_S32K144.o
 .data          0x00000000        0x0 ./Project_Settings/Startup_Code/system_S32K144.o
 .bss           0x00000000        0x0 ./Project_Settings/Startup_Code/system_S32K144.o
 .data.SystemCoreClock
                0x00000000        0x4 ./Project_Settings/Startup_Code/system_S32K144.o
 .text.SystemCoreClockUpdate
                0x00000000       0xf0 ./Project_Settings/Startup_Code/system_S32K144.o
 .text.SystemSoftwareReset
                0x00000000       0x3e ./Project_Settings/Startup_Code/system_S32K144.o
 .rodata.fircFreq.5176
                0x00000000        0x4 ./Project_Settings/Startup_Code/system_S32K144.o
 .debug_macro   0x00000000      0x8d4 ./Project_Settings/Startup_Code/system_S32K144.o
 .debug_macro   0x00000000       0x10 ./Project_Settings/Startup_Code/system_S32K144.o
 .debug_macro   0x00000000       0x7a ./Project_Settings/Startup_Code/system_S32K144.o
 .debug_macro   0x00000000       0x22 ./Project_Settings/Startup_Code/system_S32K144.o
 .debug_macro   0x00000000       0x87 ./Project_Settings/Startup_Code/system_S32K144.o
 .debug_macro   0x00000000       0x51 ./Project_Settings/Startup_Code/system_S32K144.o
 .debug_macro   0x00000000       0xef ./Project_Settings/Startup_Code/system_S32K144.o
 .debug_macro   0x00000000       0x6a ./Project_Settings/Startup_Code/system_S32K144.o
 .debug_macro   0x00000000      0x1df ./Project_Settings/Startup_Code/system_S32K144.o
 .debug_macro   0x00000000      0xb86 ./Project_Settings/Startup_Code/system_S32K144.o
 .debug_macro   0x00000000       0x22 ./Project_Settings/Startup_Code/system_S32K144.o
 .group         0x00000000        0x8 ./src/ADC.o
 .group         0x00000000        0x8 ./src/ADC.o
 .group         0x00000000        0x8 ./src/ADC.o
 .group         0x00000000        0x8 ./src/ADC.o
 .group         0x00000000        0x8 ./src/ADC.o
 .group         0x00000000        0x8 ./src/ADC.o
 .group         0x00000000        0x8 ./src/ADC.o
 .group         0x00000000        0x8 ./src/ADC.o
 .group         0x00000000        0x8 ./src/ADC.o
 .group         0x00000000        0x8 ./src/ADC.o
 .group         0x00000000        0x8 ./src/ADC.o
 .group         0x00000000        0x8 ./src/ADC.o
 .group         0x00000000        0x8 ./src/ADC.o
 .text          0x00000000        0x0 ./src/ADC.o
 .data          0x00000000        0x0 ./src/ADC.o
 .bss           0x00000000        0x0 ./src/ADC.o
 .text.ADC_init_HWTrigger
                0x00000000       0x88 ./src/ADC.o
 .text.convertAdcChan
                0x00000000       0x30 ./src/ADC.o
 .text.adc_complete
                0x00000000       0x20 ./src/ADC.o
 .text.read_adc_chx
                0x00000000       0x3c ./src/ADC.o
 .debug_macro   0x00000000      0x8d4 ./src/ADC.o
 .debug_macro   0x00000000       0x10 ./src/ADC.o
 .debug_macro   0x00000000       0x7a ./src/ADC.o
 .debug_macro   0x00000000       0x19 ./src/ADC.o
 .debug_macro   0x00000000       0x22 ./src/ADC.o
 .debug_macro   0x00000000       0x87 ./src/ADC.o
 .debug_macro   0x00000000       0x51 ./src/ADC.o
 .debug_macro   0x00000000       0xef ./src/ADC.o
 .debug_macro   0x00000000       0x6a ./src/ADC.o
 .debug_macro   0x00000000      0x1df ./src/ADC.o
 .debug_macro   0x00000000     0xed1d ./src/ADC.o
 .debug_macro   0x00000000      0xb86 ./src/ADC.o
 .debug_macro   0x00000000       0x22 ./src/ADC.o
 .group         0x00000000        0x8 ./src/Can.o
 .group         0x00000000        0x8 ./src/Can.o
 .group         0x00000000        0x8 ./src/Can.o
 .group         0x00000000        0x8 ./src/Can.o
 .group         0x00000000        0x8 ./src/Can.o
 .group         0x00000000        0x8 ./src/Can.o
 .group         0x00000000        0x8 ./src/Can.o
 .group         0x00000000        0x8 ./src/Can.o
 .group         0x00000000        0x8 ./src/Can.o
 .group         0x00000000        0x8 ./src/Can.o
 .group         0x00000000        0x8 ./src/Can.o
 .text          0x00000000        0x0 ./src/Can.o
 .data          0x00000000        0x0 ./src/Can.o
 .bss           0x00000000        0x0 ./src/Can.o
 .text.Can_GetVersionInfo
                0x00000000       0x40 ./src/Can.o
 .text.Can_DeInit
                0x00000000       0x98 ./src/Can.o
 .text.Can_GetControllerErrorState
                0x00000000       0x90 ./src/Can.o
 .text.Can_GetControllerMode
                0x00000000       0x6c ./src/Can.o
 .debug_macro   0x00000000      0x8d4 ./src/Can.o
 COMMON         0x00000000        0x4 ./src/Can.o
 .group         0x00000000        0x8 ./src/Can_PBcfg.o
 .group         0x00000000        0x8 ./src/Can_PBcfg.o
 .group         0x00000000        0x8 ./src/Can_PBcfg.o
 .group         0x00000000        0x8 ./src/Can_PBcfg.o
 .group         0x00000000        0x8 ./src/Can_PBcfg.o
 .group         0x00000000        0x8 ./src/Can_PBcfg.o
 .group         0x00000000        0x8 ./src/Can_PBcfg.o
 .text          0x00000000        0x0 ./src/Can_PBcfg.o
 .data          0x00000000        0x0 ./src/Can_PBcfg.o
 .bss           0x00000000        0x0 ./src/Can_PBcfg.o
 .debug_macro   0x00000000      0x8d4 ./src/Can_PBcfg.o
 .debug_macro   0x00000000       0x88 ./src/Can_PBcfg.o
 .debug_macro   0x00000000       0x70 ./src/Can_PBcfg.o
 .debug_macro   0x00000000       0x2e ./src/Can_PBcfg.o
 .group         0x00000000        0x8 ./src/Det.o
 .group         0x00000000        0x8 ./src/Det.o
 .group         0x00000000        0x8 ./src/Det.o
 .group         0x00000000        0x8 ./src/Det.o
 .text          0x00000000        0x0 ./src/Det.o
 .data          0x00000000        0x0 ./src/Det.o
 .bss           0x00000000        0x0 ./src/Det.o
 .debug_macro   0x00000000      0x8d4 ./src/Det.o
 .debug_macro   0x00000000       0x88 ./src/Det.o
 .debug_macro   0x00000000       0x70 ./src/Det.o
 .group         0x00000000        0x8 ./src/LPUART.o
 .group         0x00000000        0x8 ./src/LPUART.o
 .group         0x00000000        0x8 ./src/LPUART.o
 .group         0x00000000        0x8 ./src/LPUART.o
 .group         0x00000000        0x8 ./src/LPUART.o
 .group         0x00000000        0x8 ./src/LPUART.o
 .group         0x00000000        0x8 ./src/LPUART.o
 .group         0x00000000        0x8 ./src/LPUART.o
 .group         0x00000000        0x8 ./src/LPUART.o
 .group         0x00000000        0x8 ./src/LPUART.o
 .group         0x00000000        0x8 ./src/LPUART.o
 .group         0x00000000        0x8 ./src/LPUART.o
 .group         0x00000000        0x8 ./src/LPUART.o
 .text          0x00000000        0x0 ./src/LPUART.o
 .data          0x00000000        0x0 ./src/LPUART.o
 .bss           0x00000000        0x0 ./src/LPUART.o
 .text.LPUART1_transmit_string
                0x00000000       0x36 ./src/LPUART.o
 .text.LPUART1_receive_char
                0x00000000       0x2c ./src/LPUART.o
 .text.LPUART1_receive_and_echo_char
                0x00000000       0x2a ./src/LPUART.o
 .debug_macro   0x00000000      0x8d4 ./src/LPUART.o
 .debug_macro   0x00000000       0x10 ./src/LPUART.o
 .debug_macro   0x00000000       0x7a ./src/LPUART.o
 .debug_macro   0x00000000       0x19 ./src/LPUART.o
 .debug_macro   0x00000000       0x22 ./src/LPUART.o
 .debug_macro   0x00000000       0x87 ./src/LPUART.o
 .debug_macro   0x00000000       0x51 ./src/LPUART.o
 .debug_macro   0x00000000       0xef ./src/LPUART.o
 .debug_macro   0x00000000       0x6a ./src/LPUART.o
 .debug_macro   0x00000000      0x1df ./src/LPUART.o
 .debug_macro   0x00000000     0xed1d ./src/LPUART.o
 .debug_macro   0x00000000      0xb86 ./src/LPUART.o
 .debug_macro   0x00000000       0x22 ./src/LPUART.o
 .group         0x00000000        0x8 ./src/clocks_and_modes.o
 .group         0x00000000        0x8 ./src/clocks_and_modes.o
 .group         0x00000000        0x8 ./src/clocks_and_modes.o
 .group         0x00000000        0x8 ./src/clocks_and_modes.o
 .group         0x00000000        0x8 ./src/clocks_and_modes.o
 .group         0x00000000        0x8 ./src/clocks_and_modes.o
 .group         0x00000000        0x8 ./src/clocks_and_modes.o
 .group         0x00000000        0x8 ./src/clocks_and_modes.o
 .group         0x00000000        0x8 ./src/clocks_and_modes.o
 .group         0x00000000        0x8 ./src/clocks_and_modes.o
 .group         0x00000000        0x8 ./src/clocks_and_modes.o
 .group         0x00000000        0x8 ./src/clocks_and_modes.o
 .group         0x00000000        0x8 ./src/clocks_and_modes.o
 .text          0x00000000        0x0 ./src/clocks_and_modes.o
 .data          0x00000000        0x0 ./src/clocks_and_modes.o
 .bss           0x00000000        0x0 ./src/clocks_and_modes.o
 .debug_macro   0x00000000      0x8d4 ./src/clocks_and_modes.o
 .debug_macro   0x00000000       0x10 ./src/clocks_and_modes.o
 .debug_macro   0x00000000       0x7a ./src/clocks_and_modes.o
 .debug_macro   0x00000000       0x19 ./src/clocks_and_modes.o
 .debug_macro   0x00000000       0x22 ./src/clocks_and_modes.o
 .debug_macro   0x00000000       0x87 ./src/clocks_and_modes.o
 .debug_macro   0x00000000       0x51 ./src/clocks_and_modes.o
 .debug_macro   0x00000000       0xef ./src/clocks_and_modes.o
 .debug_macro   0x00000000       0x6a ./src/clocks_and_modes.o
 .debug_macro   0x00000000      0x1df ./src/clocks_and_modes.o
 .debug_macro   0x00000000     0xed1d ./src/clocks_and_modes.o
 .debug_macro   0x00000000      0xb86 ./src/clocks_and_modes.o
 .debug_macro   0x00000000       0x22 ./src/clocks_and_modes.o
 .group         0x00000000        0x8 ./src/main.o
 .group         0x00000000        0x8 ./src/main.o
 .group         0x00000000        0x8 ./src/main.o
 .group         0x00000000        0x8 ./src/main.o
 .group         0x00000000        0x8 ./src/main.o
 .group         0x00000000        0x8 ./src/main.o
 .group         0x00000000        0x8 ./src/main.o
 .group         0x00000000        0x8 ./src/main.o
 .group         0x00000000        0x8 ./src/main.o
 .group         0x00000000        0x8 ./src/main.o
 .group         0x00000000        0x8 ./src/main.o
 .group         0x00000000        0x8 ./src/main.o
 .group         0x00000000        0x8 ./src/main.o
 .group         0x00000000        0x8 ./src/main.o
 .group         0x00000000        0x8 ./src/main.o
 .group         0x00000000        0x8 ./src/main.o
 .group         0x00000000        0x8 ./src/main.o
 .group         0x00000000        0x8 ./src/main.o
 .group         0x00000000        0x8 ./src/main.o
 .group         0x00000000        0x8 ./src/main.o
 .group         0x00000000        0x8 ./src/main.o
 .text          0x00000000        0x0 ./src/main.o
 .data          0x00000000        0x0 ./src/main.o
 .bss           0x00000000        0x0 ./src/main.o
 .debug_macro   0x00000000      0x8d4 ./src/main.o
 .debug_macro   0x00000000       0x10 ./src/main.o
 .debug_macro   0x00000000       0x7a ./src/main.o
 .debug_macro   0x00000000       0x19 ./src/main.o
 .debug_macro   0x00000000       0x22 ./src/main.o
 .debug_macro   0x00000000       0x87 ./src/main.o
 .debug_macro   0x00000000       0x51 ./src/main.o
 .debug_macro   0x00000000       0xef ./src/main.o
 .debug_macro   0x00000000       0x6a ./src/main.o
 .debug_macro   0x00000000      0x1df ./src/main.o
 .debug_macro   0x00000000     0xed1d ./src/main.o
 .debug_macro   0x00000000      0xb86 ./src/main.o
 .debug_macro   0x00000000       0x22 ./src/main.o
 .debug_macro   0x00000000       0x88 ./src/main.o
 .debug_macro   0x00000000       0x70 ./src/main.o
 .debug_macro   0x00000000       0x2e ./src/main.o
 .debug_macro   0x00000000       0x34 ./src/main.o
 .debug_macro   0x00000000       0x3a ./src/main.o
 .debug_macro   0x00000000      0x10c ./src/main.o
 .debug_macro   0x00000000       0x3a ./src/main.o
 .debug_macro   0x00000000      0x1ae ./src/main.o
 .text          0x00000000        0x0 F:/Embedded&Automotive/S32K144/Install/S32DS/build_tools/gcc_v6.3/gcc-6.3-arm32-eabi/arm-none-eabi/newlib/lib/thumb/v7e-m\libc.a(lib_a-exit.o)
 .data          0x00000000        0x0 F:/Embedded&Automotive/S32K144/Install/S32DS/build_tools/gcc_v6.3/gcc-6.3-arm32-eabi/arm-none-eabi/newlib/lib/thumb/v7e-m\libc.a(lib_a-exit.o)
 .bss           0x00000000        0x0 F:/Embedded&Automotive/S32K144/Install/S32DS/build_tools/gcc_v6.3/gcc-6.3-arm32-eabi/arm-none-eabi/newlib/lib/thumb/v7e-m\libc.a(lib_a-exit.o)
 .text          0x00000000        0x0 F:/Embedded&Automotive/S32K144/Install/S32DS/build_tools/gcc_v6.3/gcc-6.3-arm32-eabi/arm-none-eabi/newlib/lib/thumb/v7e-m\libc.a(lib_a-impure.o)
 .data          0x00000000        0x0 F:/Embedded&Automotive/S32K144/Install/S32DS/build_tools/gcc_v6.3/gcc-6.3-arm32-eabi/arm-none-eabi/newlib/lib/thumb/v7e-m\libc.a(lib_a-impure.o)
 .bss           0x00000000        0x0 F:/Embedded&Automotive/S32K144/Install/S32DS/build_tools/gcc_v6.3/gcc-6.3-arm32-eabi/arm-none-eabi/newlib/lib/thumb/v7e-m\libc.a(lib_a-impure.o)
 .data._impure_ptr
                0x00000000        0x4 F:/Embedded&Automotive/S32K144/Install/S32DS/build_tools/gcc_v6.3/gcc-6.3-arm32-eabi/arm-none-eabi/newlib/lib/thumb/v7e-m\libc.a(lib_a-impure.o)
 .text          0x00000000        0x0 F:/Embedded&Automotive/S32K144/Install/S32DS/build_tools/gcc_v6.3/gcc-6.3-arm32-eabi/arm-none-eabi/newlib/lib/thumb/v7e-m\libc.a(lib_a-init.o)
 .data          0x00000000        0x0 F:/Embedded&Automotive/S32K144/Install/S32DS/build_tools/gcc_v6.3/gcc-6.3-arm32-eabi/arm-none-eabi/newlib/lib/thumb/v7e-m\libc.a(lib_a-init.o)
 .bss           0x00000000        0x0 F:/Embedded&Automotive/S32K144/Install/S32DS/build_tools/gcc_v6.3/gcc-6.3-arm32-eabi/arm-none-eabi/newlib/lib/thumb/v7e-m\libc.a(lib_a-init.o)
 .text          0x00000000        0x0 F:/Embedded&Automotive/S32K144/Install/S32DS/build_tools/gcc_v6.3/gcc-6.3-arm32-eabi/arm-none-eabi/newlib/lib/thumb/v7e-m\libc.a(lib_a-memset.o)
 .data          0x00000000        0x0 F:/Embedded&Automotive/S32K144/Install/S32DS/build_tools/gcc_v6.3/gcc-6.3-arm32-eabi/arm-none-eabi/newlib/lib/thumb/v7e-m\libc.a(lib_a-memset.o)
 .bss           0x00000000        0x0 F:/Embedded&Automotive/S32K144/Install/S32DS/build_tools/gcc_v6.3/gcc-6.3-arm32-eabi/arm-none-eabi/newlib/lib/thumb/v7e-m\libc.a(lib_a-memset.o)
 .text          0x00000000        0x0 F:/Embedded&Automotive/S32K144/Install/S32DS/build_tools/gcc_v6.3/gcc-6.3-arm32-eabi/arm-none-eabi/newlib/lib/thumb/v7e-m\libc.a(lib_a-__call_atexit.o)
 .data          0x00000000        0x0 F:/Embedded&Automotive/S32K144/Install/S32DS/build_tools/gcc_v6.3/gcc-6.3-arm32-eabi/arm-none-eabi/newlib/lib/thumb/v7e-m\libc.a(lib_a-__call_atexit.o)
 .bss           0x00000000        0x0 F:/Embedded&Automotive/S32K144/Install/S32DS/build_tools/gcc_v6.3/gcc-6.3-arm32-eabi/arm-none-eabi/newlib/lib/thumb/v7e-m\libc.a(lib_a-__call_atexit.o)
 .text          0x00000000        0x0 F:/Embedded&Automotive/S32K144/Install/S32DS/build_tools/gcc_v6.3/gcc-6.3-arm32-eabi/arm-none-eabi/newlib/lib/thumb/v7e-m\libc.a(lib_a-fini.o)
 .data          0x00000000        0x0 F:/Embedded&Automotive/S32K144/Install/S32DS/build_tools/gcc_v6.3/gcc-6.3-arm32-eabi/arm-none-eabi/newlib/lib/thumb/v7e-m\libc.a(lib_a-fini.o)
 .bss           0x00000000        0x0 F:/Embedded&Automotive/S32K144/Install/S32DS/build_tools/gcc_v6.3/gcc-6.3-arm32-eabi/arm-none-eabi/newlib/lib/thumb/v7e-m\libc.a(lib_a-fini.o)
 .text          0x00000000        0x0 F:/Embedded&Automotive/S32K144/Install/S32DS/build_tools/gcc_v6.3/gcc-6.3-arm32-eabi/arm-none-eabi/newlib/lib/thumb/v7e-m\libc.a(lib_a-atexit.o)
 .data          0x00000000        0x0 F:/Embedded&Automotive/S32K144/Install/S32DS/build_tools/gcc_v6.3/gcc-6.3-arm32-eabi/arm-none-eabi/newlib/lib/thumb/v7e-m\libc.a(lib_a-atexit.o)
 .bss           0x00000000        0x0 F:/Embedded&Automotive/S32K144/Install/S32DS/build_tools/gcc_v6.3/gcc-6.3-arm32-eabi/arm-none-eabi/newlib/lib/thumb/v7e-m\libc.a(lib_a-atexit.o)
 .text          0x00000000        0x0 F:/Embedded&Automotive/S32K144/Install/S32DS/build_tools/gcc_v6.3/gcc-6.3-arm32-eabi/arm-none-eabi/newlib/lib/thumb/v7e-m\libc.a(lib_a-__atexit.o)
 .data          0x00000000        0x0 F:/Embedded&Automotive/S32K144/Install/S32DS/build_tools/gcc_v6.3/gcc-6.3-arm32-eabi/arm-none-eabi/newlib/lib/thumb/v7e-m\libc.a(lib_a-__atexit.o)
 .bss           0x00000000        0x0 F:/Embedded&Automotive/S32K144/Install/S32DS/build_tools/gcc_v6.3/gcc-6.3-arm32-eabi/arm-none-eabi/newlib/lib/thumb/v7e-m\libc.a(lib_a-__atexit.o)
 .text          0x00000000        0x0 F:/Embedded&Automotive/S32K144/Install/S32DS/build_tools/gcc_v6.3/gcc-6.3-arm32-eabi/arm-none-eabi/newlib/lib/thumb/v7e-m\libnosys.a(_exit.o)
 .data          0x00000000        0x0 F:/Embedded&Automotive/S32K144/Install/S32DS/build_tools/gcc_v6.3/gcc-6.3-arm32-eabi/arm-none-eabi/newlib/lib/thumb/v7e-m\libnosys.a(_exit.o)
 .bss           0x00000000        0x0 F:/Embedded&Automotive/S32K144/Install/S32DS/build_tools/gcc_v6.3/gcc-6.3-arm32-eabi/arm-none-eabi/newlib/lib/thumb/v7e-m\libnosys.a(_exit.o)
 .text          0x00000000        0x0 f:/embedded&automotive/s32k144/install/s32ds/build_tools/gcc_v6.3/gcc-6.3-arm32-eabi/bin/../lib/gcc/arm-none-eabi/6.3.1/thumb/v7e-m/crtend.o
 .data          0x00000000        0x0 f:/embedded&automotive/s32k144/install/s32ds/build_tools/gcc_v6.3/gcc-6.3-arm32-eabi/bin/../lib/gcc/arm-none-eabi/6.3.1/thumb/v7e-m/crtend.o
 .bss           0x00000000        0x0 f:/embedded&automotive/s32k144/install/s32ds/build_tools/gcc_v6.3/gcc-6.3-arm32-eabi/bin/../lib/gcc/arm-none-eabi/6.3.1/thumb/v7e-m/crtend.o
 .eh_frame      0x00000000        0x4 f:/embedded&automotive/s32k144/install/s32ds/build_tools/gcc_v6.3/gcc-6.3-arm32-eabi/bin/../lib/gcc/arm-none-eabi/6.3.1/thumb/v7e-m/crtend.o
 .text          0x00000000        0x0 f:/embedded&automotive/s32k144/install/s32ds/build_tools/gcc_v6.3/gcc-6.3-arm32-eabi/bin/../lib/gcc/arm-none-eabi/6.3.1/thumb/v7e-m/crtn.o
 .data          0x00000000        0x0 f:/embedded&automotive/s32k144/install/s32ds/build_tools/gcc_v6.3/gcc-6.3-arm32-eabi/bin/../lib/gcc/arm-none-eabi/6.3.1/thumb/v7e-m/crtn.o
 .bss           0x00000000        0x0 f:/embedded&automotive/s32k144/install/s32ds/build_tools/gcc_v6.3/gcc-6.3-arm32-eabi/bin/../lib/gcc/arm-none-eabi/6.3.1/thumb/v7e-m/crtn.o

Memory Configuration

Name             Origin             Length             Attributes
m_interrupts     0x00000000         0x00000400         xr
m_flash_config   0x00000400         0x00000010         xr
m_text           0x00000410         0x0007fbf0         xr
m_data           0x1fff8000         0x00008000         rw
m_data_2         0x20000000         0x00007000         rw
*default*        0x00000000         0xffffffff

Linker script and memory map

LOAD f:/embedded&automotive/s32k144/install/s32ds/build_tools/gcc_v6.3/gcc-6.3-arm32-eabi/bin/../lib/gcc/arm-none-eabi/6.3.1/thumb/v7e-m/crti.o
LOAD f:/embedded&automotive/s32k144/install/s32ds/build_tools/gcc_v6.3/gcc-6.3-arm32-eabi/bin/../lib/gcc/arm-none-eabi/6.3.1/thumb/v7e-m/crtbegin.o
LOAD F:/Embedded&Automotive/S32K144/Install/S32DS/build_tools/gcc_v6.3/gcc-6.3-arm32-eabi/arm-none-eabi/newlib/lib/thumb/v7e-m/crt0.o
LOAD ./Project_Settings/Startup_Code/startup.o
LOAD ./Project_Settings/Startup_Code/startup_S32K144.o
LOAD ./Project_Settings/Startup_Code/system_S32K144.o
LOAD ./src/ADC.o
LOAD ./src/Can.o
LOAD ./src/Can_PBcfg.o
LOAD ./src/Det.o
LOAD ./src/LPUART.o
LOAD ./src/clocks_and_modes.o
LOAD ./src/main.o
START GROUP
LOAD f:/embedded&automotive/s32k144/install/s32ds/build_tools/gcc_v6.3/gcc-6.3-arm32-eabi/bin/../lib/gcc/arm-none-eabi/6.3.1/thumb/v7e-m\libgcc.a
LOAD F:/Embedded&Automotive/S32K144/Install/S32DS/build_tools/gcc_v6.3/gcc-6.3-arm32-eabi/arm-none-eabi/newlib/lib/thumb/v7e-m\libc.a
END GROUP
START GROUP
LOAD f:/embedded&automotive/s32k144/install/s32ds/build_tools/gcc_v6.3/gcc-6.3-arm32-eabi/bin/../lib/gcc/arm-none-eabi/6.3.1/thumb/v7e-m\libgcc.a
LOAD F:/Embedded&Automotive/S32K144/Install/S32DS/build_tools/gcc_v6.3/gcc-6.3-arm32-eabi/arm-none-eabi/newlib/lib/thumb/v7e-m\libc.a
LOAD F:/Embedded&Automotive/S32K144/Install/S32DS/build_tools/gcc_v6.3/gcc-6.3-arm32-eabi/arm-none-eabi/newlib/lib/thumb/v7e-m\libnosys.a
END GROUP
LOAD f:/embedded&automotive/s32k144/install/s32ds/build_tools/gcc_v6.3/gcc-6.3-arm32-eabi/bin/../lib/gcc/arm-none-eabi/6.3.1/thumb/v7e-m/crtend.o
LOAD f:/embedded&automotive/s32k144/install/s32ds/build_tools/gcc_v6.3/gcc-6.3-arm32-eabi/bin/../lib/gcc/arm-none-eabi/6.3.1/thumb/v7e-m/crtn.o
                0x00000400                HEAP_SIZE = DEFINED (__heap_size__)?__heap_size__:0x400
                0x00000400                STACK_SIZE = DEFINED (__stack_size__)?__stack_size__:0x400
                0x00000400                M_VECTOR_RAM_SIZE = DEFINED (__flash_vector_table__)?0x0:0x400

.interrupts     0x00000000      0x400
                0x00000000                __VECTOR_TABLE = .
                0x00000000                __interrupts_start__ = .
                0x00000000                . = ALIGN (0x4)
 *(.isr_vector)
 .isr_vector    0x00000000      0x400 ./Project_Settings/Startup_Code/startup_S32K144.o
                0x00000000                __isr_vector
                0x00000400                __interrupts_end__ = .
                0x00000400                . = ALIGN (0x4)

.flash_config   0x00000400       0x10
                0x00000400                . = ALIGN (0x4)
 *(.FlashConfig)
 .FlashConfig   0x00000400       0x10 ./Project_Settings/Startup_Code/startup_S32K144.o
                0x00000410                . = ALIGN (0x4)

.text           0x00000410     0x19a8
                0x00000410                . = ALIGN (0x4)
 *(.text)
 .text          0x00000410       0xa4 f:/embedded&automotive/s32k144/install/s32ds/build_tools/gcc_v6.3/gcc-6.3-arm32-eabi/bin/../lib/gcc/arm-none-eabi/6.3.1/thumb/v7e-m/crtbegin.o
 .text          0x000004b4       0x74 F:/Embedded&Automotive/S32K144/Install/S32DS/build_tools/gcc_v6.3/gcc-6.3-arm32-eabi/arm-none-eabi/newlib/lib/thumb/v7e-m/crt0.o
                0x000004b4                _start
                0x000004b4                _mainCRTStartup
 .text          0x00000528       0x6c ./Project_Settings/Startup_Code/startup_S32K144.o
                0x00000528                Reset_Handler
                0x00000590                DebugMon_Handler
                0x00000590                Reserved88_IRQHandler
                0x00000590                CAN0_ORed_IRQHandler
                0x00000590                HardFault_Handler
                0x00000590                Reserved86_IRQHandler
                0x00000590                Reserved103_IRQHandler
                0x00000590                SysTick_Handler
                0x00000590                FTM2_Ovf_Reload_IRQHandler
                0x00000590                Reserved50_IRQHandler
                0x00000590                FTFC_Fault_IRQHandler
                0x00000590                FTM0_Ch6_Ch7_IRQHandler
                0x00000590                Reserved114_IRQHandler
                0x00000590                PendSV_Handler
                0x00000590                NMI_Handler
                0x00000590                Reserved89_IRQHandler
                0x00000590                ERM_double_fault_IRQHandler
                0x00000590                DMA2_IRQHandler
                0x00000590                Reserved59_IRQHandler
                0x00000590                LPIT0_Ch0_IRQHandler
                0x00000590                Reserved99_IRQHandler
                0x00000590                FTM3_Ch6_Ch7_IRQHandler
                0x00000590                CAN2_ORed_0_15_MB_IRQHandler
                0x00000590                LPIT0_Ch3_IRQHandler
                0x00000590                Reserved92_IRQHandler
                0x00000590                FTM0_Ch4_Ch5_IRQHandler
                0x00000590                CAN1_Error_IRQHandler
                0x00000590                FTM3_Ch0_Ch1_IRQHandler
                0x00000590                SWI_IRQHandler
                0x00000590                ADC0_IRQHandler
                0x00000590                FTM2_Ch4_Ch5_IRQHandler
                0x00000590                UsageFault_Handler
                0x00000590                FTM0_Ovf_Reload_IRQHandler
                0x00000590                DefaultISR
                0x00000590                DMA9_IRQHandler
                0x00000590                Reserved58_IRQHandler
                0x00000590                CAN1_ORed_0_15_MB_IRQHandler
                0x00000590                FTM1_Ch2_Ch3_IRQHandler
                0x00000590                DMA14_IRQHandler
                0x00000590                Reserved82_IRQHandler
                0x00000590                CAN0_ORed_16_31_MB_IRQHandler
                0x00000590                LPI2C0_Slave_IRQHandler
                0x00000590                Reserved71_IRQHandler
                0x00000590                PORTD_IRQHandler
                0x00000590                Reserved69_IRQHandler
                0x00000590                PORTB_IRQHandler
                0x00000590                Reserved70_IRQHandler
                0x00000590                ADC1_IRQHandler
                0x00000590                FTM2_Ch2_Ch3_IRQHandler
                0x00000590                Reserved53_IRQHandler
                0x00000590                DMA5_IRQHandler
                0x00000590                RTC_IRQHandler
                0x00000590                PDB0_IRQHandler
                0x00000590                Reserved54_IRQHandler
                0x00000590                FTM2_Ch6_Ch7_IRQHandler
                0x00000590                FTM3_Ch2_Ch3_IRQHandler
                0x00000590                FTM2_Ch0_Ch1_IRQHandler
                0x00000590                LPSPI1_IRQHandler
                0x00000590                LPUART1_RxTx_IRQHandler
                0x00000590                RTC_Seconds_IRQHandler
                0x00000590                CAN2_ORed_IRQHandler
                0x00000590                Reserved72_IRQHandler
                0x00000590                Reserved110_IRQHandler
                0x00000590                DMA11_IRQHandler
                0x00000590                Reserved107_IRQHandler
                0x00000590                Read_Collision_IRQHandler
                0x00000590                CAN2_Error_IRQHandler
                0x00000590                FTFC_IRQHandler
                0x00000590                DMA7_IRQHandler
                0x00000590                FTM1_Ch6_Ch7_IRQHandler
                0x00000590                Reserved105_IRQHandler
                0x00000590                LPIT0_Ch1_IRQHandler
                0x00000590                FTM1_Ch4_Ch5_IRQHandler
                0x00000590                FTM3_Ovf_Reload_IRQHandler
                0x00000590                LPUART2_RxTx_IRQHandler
                0x00000590                LPSPI0_IRQHandler
                0x00000590                WDOG_EWM_IRQHandler
                0x00000590                MemManage_Handler
                0x00000590                Reserved90_IRQHandler
                0x00000590                Reserved83_IRQHandler
                0x00000590                FTM0_Fault_IRQHandler
                0x00000590                Reserved48_IRQHandler
                0x00000590                SVC_Handler
                0x00000590                ERM_single_fault_IRQHandler
                0x00000590                FTM2_Fault_IRQHandler
                0x00000590                FTM0_Ch2_Ch3_IRQHandler
                0x00000590                DMA13_IRQHandler
                0x00000590                FTM0_Ch0_Ch1_IRQHandler
                0x00000590                FTM3_Fault_IRQHandler
                0x00000590                RCM_IRQHandler
                0x00000590                DMA3_IRQHandler
                0x00000590                Reserved100_IRQHandler
                0x00000590                DMA0_IRQHandler
                0x00000590                Reserved91_IRQHandler
                0x00000590                CAN1_ORed_IRQHandler
                0x00000590                DMA15_IRQHandler
                0x00000590                SCG_IRQHandler
                0x00000590                PDB1_IRQHandler
                0x00000590                Reserved81_IRQHandler
                0x00000590                Reserved46_IRQHandler
                0x00000590                Reserved45_IRQHandler
                0x00000590                CAN0_Error_IRQHandler
                0x00000590                Reserved112_IRQHandler
                0x00000590                LPI2C0_Master_IRQHandler
                0x00000590                DMA4_IRQHandler
                0x00000590                FTM1_Fault_IRQHandler
                0x00000590                Reserved106_IRQHandler
                0x00000590                DMA_Error_IRQHandler
                0x00000590                LVD_LVW_IRQHandler
                0x00000590                LPIT0_Ch2_IRQHandler
                0x00000590                PORTA_IRQHandler
                0x00000590                MCM_IRQHandler
                0x00000590                LPSPI2_IRQHandler
                0x00000590                DMA12_IRQHandler
                0x00000590                FTM3_Ch4_Ch5_IRQHandler
                0x00000590                PORTE_IRQHandler
                0x00000590                LPUART0_RxTx_IRQHandler
                0x00000590                LPTMR0_IRQHandler
                0x00000590                BusFault_Handler
                0x00000590                Reserved87_IRQHandler
                0x00000590                FTM1_Ovf_Reload_IRQHandler
                0x00000590                DMA8_IRQHandler
                0x00000590                Reserved93_IRQHandler
                0x00000590                DMA10_IRQHandler
                0x00000590                CAN0_Wake_Up_IRQHandler
                0x00000590                CMP0_IRQHandler
                0x00000590                Reserved52_IRQHandler
                0x00000590                PORTC_IRQHandler
                0x00000590                DMA6_IRQHandler
                0x00000590                FTM1_Ch0_Ch1_IRQHandler
                0x00000590                FLEXIO_IRQHandler
                0x00000590                DMA1_IRQHandler
                0x00000590                Reserved113_IRQHandler
 *(.text*)
 .text.init_data_bss
                0x00000594      0x128 ./Project_Settings/Startup_Code/startup.o
                0x00000594                init_data_bss
 .text.SystemInit
                0x000006bc       0x30 ./Project_Settings/Startup_Code/system_S32K144.o
                0x000006bc                SystemInit
 .text.ADC_init
                0x000006ec       0x74 ./src/ADC.o
                0x000006ec                ADC_init
 .text.Can_Init
                0x00000760      0x604 ./src/Can.o
                0x00000760                Can_Init
 .text.Can_DisableControllerInterrupts
                0x00000d64       0xb0 ./src/Can.o
                0x00000d64                Can_DisableControllerInterrupts
 .text.Can_EnableControllerInterrupts
                0x00000e14       0xc0 ./src/Can.o
                0x00000e14                Can_EnableControllerInterrupts
 .text.Can_SetControllerMode
                0x00000ed4      0x5f0 ./src/Can.o
                0x00000ed4                Can_SetControllerMode
 .text.Can_Write
                0x000014c4      0x1a0 ./src/Can.o
                0x000014c4                Can_Write
 .text.CAN0_ORed_0_15_MB_IRQHandler
                0x00001664      0x118 ./src/Can.o
                0x00001664                CAN0_ORed_0_15_MB_IRQHandler
 .text.FlexCan1_ISR
                0x0000177c       0x5c ./src/Can.o
                0x0000177c                FlexCan1_ISR
 .text.FlexCan2_ISR
                0x000017d8       0x5c ./src/Can.o
                0x000017d8                FlexCan2_ISR
 .text.Det_ReportError
                0x00001834       0x2a ./src/Det.o
                0x00001834                Det_ReportError
 *fill*         0x0000185e        0x2 
 .text.LPUART1_init
                0x00001860       0x48 ./src/LPUART.o
                0x00001860                LPUART1_init
 .text.LPUART1_transmit_char
                0x000018a8       0x2c ./src/LPUART.o
                0x000018a8                LPUART1_transmit_char
 .text.SOSC_init_8MHz
                0x000018d4       0x4c ./src/clocks_and_modes.o
                0x000018d4                SOSC_init_8MHz
 .text.SPLL_init_160MHz
                0x00001920       0x80 ./src/clocks_and_modes.o
                0x00001920                SPLL_init_160MHz
 .text.NormalRUNmode_80MHz
                0x000019a0       0x34 ./src/clocks_and_modes.o
                0x000019a0                NormalRUNmode_80MHz
 .text.WDOG_disable
                0x000019d4       0x2c ./src/main.o
                0x000019d4                WDOG_disable
 .text.PORT_init
                0x00001a00       0xe4 ./src/main.o
                0x00001a00                PORT_init
 .text.NVIC_init_IRQs
                0x00001ae4       0x2c ./src/main.o
                0x00001ae4                NVIC_init_IRQs
 .text.main     0x00001b10       0x68 ./src/main.o
                0x00001b10                main
 .text.exit     0x00001b78       0x20 F:/Embedded&Automotive/S32K144/Install/S32DS/build_tools/gcc_v6.3/gcc-6.3-arm32-eabi/arm-none-eabi/newlib/lib/thumb/v7e-m\libc.a(lib_a-exit.o)
                0x00001b78                exit
 .text.__libc_init_array
                0x00001b98       0x48 F:/Embedded&Automotive/S32K144/Install/S32DS/build_tools/gcc_v6.3/gcc-6.3-arm32-eabi/arm-none-eabi/newlib/lib/thumb/v7e-m\libc.a(lib_a-init.o)
                0x00001b98                __libc_init_array
 .text.memset   0x00001be0       0x10 F:/Embedded&Automotive/S32K144/Install/S32DS/build_tools/gcc_v6.3/gcc-6.3-arm32-eabi/arm-none-eabi/newlib/lib/thumb/v7e-m\libc.a(lib_a-memset.o)
                0x00001be0                memset
 .text.startup.register_fini
                0x00001bf0       0x14 F:/Embedded&Automotive/S32K144/Install/S32DS/build_tools/gcc_v6.3/gcc-6.3-arm32-eabi/arm-none-eabi/newlib/lib/thumb/v7e-m\libc.a(lib_a-__call_atexit.o)
 .text.__call_exitprocs
                0x00001c04       0xc8 F:/Embedded&Automotive/S32K144/Install/S32DS/build_tools/gcc_v6.3/gcc-6.3-arm32-eabi/arm-none-eabi/newlib/lib/thumb/v7e-m\libc.a(lib_a-__call_atexit.o)
                0x00001c04                __call_exitprocs
 .text.__libc_fini_array
                0x00001ccc       0x28 F:/Embedded&Automotive/S32K144/Install/S32DS/build_tools/gcc_v6.3/gcc-6.3-arm32-eabi/arm-none-eabi/newlib/lib/thumb/v7e-m\libc.a(lib_a-fini.o)
                0x00001ccc                __libc_fini_array
 .text.atexit   0x00001cf4        0xc F:/Embedded&Automotive/S32K144/Install/S32DS/build_tools/gcc_v6.3/gcc-6.3-arm32-eabi/arm-none-eabi/newlib/lib/thumb/v7e-m\libc.a(lib_a-atexit.o)
                0x00001cf4                atexit
 .text.__register_exitproc
                0x00001d00       0x98 F:/Embedded&Automotive/S32K144/Install/S32DS/build_tools/gcc_v6.3/gcc-6.3-arm32-eabi/arm-none-eabi/newlib/lib/thumb/v7e-m\libc.a(lib_a-__atexit.o)
                0x00001d00                __register_exitproc
 .text._exit    0x00001d98        0x2 F:/Embedded&Automotive/S32K144/Install/S32DS/build_tools/gcc_v6.3/gcc-6.3-arm32-eabi/arm-none-eabi/newlib/lib/thumb/v7e-m\libnosys.a(_exit.o)
                0x00001d98                _exit
 *(.rodata)
 *(.rodata*)
 *fill*         0x00001d9a        0x2 
 .rodata._global_impure_ptr
                0x00001d9c        0x4 F:/Embedded&Automotive/S32K144/Install/S32DS/build_tools/gcc_v6.3/gcc-6.3-arm32-eabi/arm-none-eabi/newlib/lib/thumb/v7e-m\libc.a(lib_a-impure.o)
                0x00001d9c                _global_impure_ptr
 *(.glue_7)
 .glue_7        0x00001da0        0x0 linker stubs
 *(.glue_7t)
 .glue_7t       0x00001da0        0x0 linker stubs
 *(.eh_frame)
 .eh_frame      0x00001da0        0x0 f:/embedded&automotive/s32k144/install/s32ds/build_tools/gcc_v6.3/gcc-6.3-arm32-eabi/bin/../lib/gcc/arm-none-eabi/6.3.1/thumb/v7e-m/crtbegin.o
 *(.init)
 .init          0x00001da0        0x4 f:/embedded&automotive/s32k144/install/s32ds/build_tools/gcc_v6.3/gcc-6.3-arm32-eabi/bin/../lib/gcc/arm-none-eabi/6.3.1/thumb/v7e-m/crti.o
                0x00001da0                _init
 .init          0x00001da4        0x8 f:/embedded&automotive/s32k144/install/s32ds/build_tools/gcc_v6.3/gcc-6.3-arm32-eabi/bin/../lib/gcc/arm-none-eabi/6.3.1/thumb/v7e-m/crtn.o
 *(.fini)
 .fini          0x00001dac        0x4 f:/embedded&automotive/s32k144/install/s32ds/build_tools/gcc_v6.3/gcc-6.3-arm32-eabi/bin/../lib/gcc/arm-none-eabi/6.3.1/thumb/v7e-m/crti.o
                0x00001dac                _fini
 .fini          0x00001db0        0x8 f:/embedded&automotive/s32k144/install/s32ds/build_tools/gcc_v6.3/gcc-6.3-arm32-eabi/bin/../lib/gcc/arm-none-eabi/6.3.1/thumb/v7e-m/crtn.o
                0x00001db8                . = ALIGN (0x4)

.vfp11_veneer   0x00001db8        0x0
 .vfp11_veneer  0x00001db8        0x0 linker stubs

.v4_bx          0x00001db8        0x0
 .v4_bx         0x00001db8        0x0 linker stubs

.iplt           0x00001db8        0x0
 .iplt          0x00001db8        0x0 f:/embedded&automotive/s32k144/install/s32ds/build_tools/gcc_v6.3/gcc-6.3-arm32-eabi/bin/../lib/gcc/arm-none-eabi/6.3.1/thumb/v7e-m/crtbegin.o

.ARM.extab
 *(.ARM.extab* .gnu.linkonce.armextab.*)

.ARM            0x00001db8        0x8
                0x00001db8                __exidx_start = .
 *(.ARM.exidx*)
 .ARM.exidx     0x00001db8        0x8 F:/Embedded&Automotive/S32K144/Install/S32DS/build_tools/gcc_v6.3/gcc-6.3-arm32-eabi/arm-none-eabi/newlib/lib/thumb/v7e-m/crt0.o
                0x00001dc0                __exidx_end = .

.rel.dyn        0x00001dc0        0x0
 .rel.iplt      0x00001dc0        0x0 f:/embedded&automotive/s32k144/install/s32ds/build_tools/gcc_v6.3/gcc-6.3-arm32-eabi/bin/../lib/gcc/arm-none-eabi/6.3.1/thumb/v7e-m/crtbegin.o

.ctors          0x00001dc0        0x0
                0x00001dc0                __CTOR_LIST__ = .
 *crtbegin.o(.ctors)
 *crtbegin?.o(.ctors)
 *(EXCLUDE_FILE(*crtend.o *crtend?.o) .ctors)
 *(SORT(.ctors.*))
 *(.ctors)
                0x00001dc0                __CTOR_END__ = .

.dtors          0x00001dc0        0x0
                0x00001dc0                __DTOR_LIST__ = .
 *crtbegin.o(.dtors)
 *crtbegin?.o(.dtors)
 *(EXCLUDE_FILE(*crtend.o *crtend?.o) .dtors)
 *(SORT(.dtors.*))
 *(.dtors)
                0x00001dc0                __DTOR_END__ = .

.preinit_array  0x00001dc0        0x0
                0x00001dc0                PROVIDE (__preinit_array_start, .)
 *(.preinit_array*)
                0x00001dc0                PROVIDE (__preinit_array_end, .)

.init_array     0x00001dc0        0x8
                0x00001dc0                PROVIDE (__init_array_start, .)
 *(SORT(.init_array.*))
 .init_array.00000
                0x00001dc0        0x4 F:/Embedded&Automotive/S32K144/Install/S32DS/build_tools/gcc_v6.3/gcc-6.3-arm32-eabi/arm-none-eabi/newlib/lib/thumb/v7e-m\libc.a(lib_a-__call_atexit.o)
 *(.init_array*)
 .init_array    0x00001dc4        0x4 f:/embedded&automotive/s32k144/install/s32ds/build_tools/gcc_v6.3/gcc-6.3-arm32-eabi/bin/../lib/gcc/arm-none-eabi/6.3.1/thumb/v7e-m/crtbegin.o
                0x00001dc8                PROVIDE (__init_array_end, .)

.fini_array     0x00001dc8        0x4
                0x00001dc8                PROVIDE (__fini_array_start, .)
 *(SORT(.fini_array.*))
 *(.fini_array*)
 .fini_array    0x00001dc8        0x4 f:/embedded&automotive/s32k144/install/s32ds/build_tools/gcc_v6.3/gcc-6.3-arm32-eabi/bin/../lib/gcc/arm-none-eabi/6.3.1/thumb/v7e-m/crtbegin.o
                0x00001dcc                PROVIDE (__fini_array_end, .)
                0x00001dcc                __etext = .
                0x00001dcc                __DATA_ROM = .

.interrupts_ram
                0x1fff8000      0x400
                0x1fff8000                . = ALIGN (0x4)
                0x1fff8000                __VECTOR_RAM__ = .
                0x1fff8000                __RAM_START = .
                0x1fff8000                __interrupts_ram_start__ = .
 *(.m_interrupts_ram)
                0x1fff8400                . = (. + M_VECTOR_RAM_SIZE)
 *fill*         0x1fff8000      0x400 
                0x1fff8400                . = ALIGN (0x4)
                0x1fff8400                __interrupts_ram_end__ = .
                0x1fff8000                __VECTOR_RAM = DEFINED (__flash_vector_table__)?ORIGIN (m_interrupts):__VECTOR_RAM__
                0x00000400                __RAM_VECTOR_TABLE_SIZE = DEFINED (__flash_vector_table__)?0x0:(__interrupts_ram_end__ - __interrupts_ram_start__)

.data           0x1fff8400      0x4cc load address 0x00001dcc
                0x1fff8400                . = ALIGN (0x4)
                0x1fff8400                __DATA_RAM = .
                0x1fff8400                __data_start__ = .
 *(.data)
 *(.data*)
 .data.CAN_BASE_ADDRESSES
                0x1fff8400        0xc ./src/Can.o
 .data.PCC_CAN_OFFSETS
                0x1fff840c        0xc ./src/Can.o
 .data.TotalNumOfBuffers
                0x1fff8418        0x3 ./src/Can.o
 *fill*         0x1fff841b        0x1 
 .data.MAXMB    0x1fff841c        0x3 ./src/Can.o
 *fill*         0x1fff841f        0x1 
 .data.NumOfIntDis
                0x1fff8420        0x3 ./src/Can.o
 *fill*         0x1fff8423        0x1 
 .data.CanControllerBaudrateConfig_arr
                0x1fff8424       0x18 ./src/Can_PBcfg.o
                0x1fff8424                CanControllerBaudrateConfig_arr
 .data.CanController_arr
                0x1fff843c       0x30 ./src/Can_PBcfg.o
                0x1fff843c                CanController_arr
 .data.CanHwFilterHRH
                0x1fff846c       0x10 ./src/Can_PBcfg.o
                0x1fff846c                CanHwFilterHRH
 .data.CanHardwareObject_arr
                0x1fff847c       0x28 ./src/Can_PBcfg.o
                0x1fff847c                CanHardwareObject_arr
 .data.Can_ConfigType_Handle
                0x1fff84a4        0xc ./src/Can_PBcfg.o
                0x1fff84a4                Can_ConfigType_Handle
 .data.impure_data
                0x1fff84b0      0x418 F:/Embedded&Automotive/S32K144/Install/S32DS/build_tools/gcc_v6.3/gcc-6.3-arm32-eabi/arm-none-eabi/newlib/lib/thumb/v7e-m\libc.a(lib_a-impure.o)
 *(.jcr*)
 .jcr           0x1fff88c8        0x0 f:/embedded&automotive/s32k144/install/s32ds/build_tools/gcc_v6.3/gcc-6.3-arm32-eabi/bin/../lib/gcc/arm-none-eabi/6.3.1/thumb/v7e-m/crtbegin.o
 .jcr           0x1fff88c8        0x4 f:/embedded&automotive/s32k144/install/s32ds/build_tools/gcc_v6.3/gcc-6.3-arm32-eabi/bin/../lib/gcc/arm-none-eabi/6.3.1/thumb/v7e-m/crtend.o
                0x1fff88cc                . = ALIGN (0x4)
                0x1fff88cc                __data_end__ = .
                0x00002298                __DATA_END = (__DATA_ROM + (__data_end__ - __data_start__))
                0x00002298                __CODE_ROM = __DATA_END

.tm_clone_table
                0x1fff88cc        0x0 load address 0x00002298
 .tm_clone_table
                0x1fff88cc        0x0 f:/embedded&automotive/s32k144/install/s32ds/build_tools/gcc_v6.3/gcc-6.3-arm32-eabi/bin/../lib/gcc/arm-none-eabi/6.3.1/thumb/v7e-m/crtbegin.o
 .tm_clone_table
                0x1fff88cc        0x0 f:/embedded&automotive/s32k144/install/s32ds/build_tools/gcc_v6.3/gcc-6.3-arm32-eabi/bin/../lib/gcc/arm-none-eabi/6.3.1/thumb/v7e-m/crtend.o

.igot.plt       0x1fff88cc        0x0 load address 0x00002298
 .igot.plt      0x1fff88cc        0x0 f:/embedded&automotive/s32k144/install/s32ds/build_tools/gcc_v6.3/gcc-6.3-arm32-eabi/bin/../lib/gcc/arm-none-eabi/6.3.1/thumb/v7e-m/crtbegin.o

.code           0x1fff88cc        0x0 load address 0x00002298
                0x1fff88cc                . = ALIGN (0x4)
                0x1fff88cc                __CODE_RAM = .
                0x1fff88cc                __code_start__ = .
                0x1fff88cc                __code_ram_start__ = .
 *(.code_ram)
                0x1fff88cc                . = ALIGN (0x4)
                0x1fff88cc                __code_end__ = .
                0x1fff88cc                __code_ram_end__ = .
                0x00002298                __CODE_END = (__CODE_ROM + (__code_end__ - __code_start__))
                0x00002298                __CUSTOM_ROM = __CODE_END

.customSectionBlock
                0x20000000        0x0 load address 0x00002298
                0x20000000                __customSection_start__ = .
 *(.customSection)
                0x20000000                __customSection_end__ = .
                0x00002298                __CUSTOM_END = (__CUSTOM_ROM + (__customSection_end__ - __customSection_start__))

.bss            0x20000000       0xbc
                0x20000000                . = ALIGN (0x4)
                0x20000000                __BSS_START = .
                0x20000000                __bss_start__ = .
 *(.bss)
 .bss           0x20000000       0x1c f:/embedded&automotive/s32k144/install/s32ds/build_tools/gcc_v6.3/gcc-6.3-arm32-eabi/bin/../lib/gcc/arm-none-eabi/6.3.1/thumb/v7e-m/crtbegin.o
 *(.bss*)
 .bss.rx_count  0x2000001c        0x1 ./src/Can.o
 .bss.CAN_MODULE_STATE
                0x2000001d        0x1 ./src/Can.o
 *fill*         0x2000001e        0x2 
 .bss.CAN_CONTROLLERS_STATES
                0x20000020        0x3 ./src/Can.o
 *fill*         0x20000023        0x1 
 .bss.TempConfig
                0x20000024        0x4 ./src/Can.o
 .bss.RAMn      0x20000028        0x4 ./src/Can.o
 .bss.RXIMRn    0x2000002c        0x4 ./src/Can.o
 .bss.BufferCounter
                0x20000030        0x1 ./src/Can.o
 .bss.TxBufferCounter
                0x20000031        0x1 ./src/Can.o
 .bss.RxBufferCounter
                0x20000032        0x1 ./src/Can.o
 .bss.HOCounter
                0x20000033        0x1 ./src/Can.o
 .bss.i         0x20000034        0x1 ./src/Can.o
 *fill*         0x20000035        0x3 
 .bss.j         0x20000038        0x4 ./src/Can.o
 .bss.Can_HTH_Array
                0x2000003c       0x3c ./src/Can.o
 .bss.Can_HRH_Array
                0x20000078       0x3c ./src/Can.o
 .bss.CanHwFilterHTH
                0x200000b4        0x8 ./src/Can_PBcfg.o
                0x200000b4                CanHwFilterHTH
 *(COMMON)
                0x200000bc                . = ALIGN (0x4)
                0x200000bc                __bss_end__ = .
                0x200000bc                __BSS_END = .

.heap           0x200000bc      0x404
                0x200000c0                . = ALIGN (0x8)
 *fill*         0x200000bc        0x4 
                0x200000c0                __end__ = .
                0x200000c0                __heap_start__ = .
                [!provide]                PROVIDE (end, .)
                [!provide]                PROVIDE (_end, .)
                [!provide]                PROVIDE (__end, .)
                0x200000c0                __HeapBase = .
                0x200004c0                . = (. + HEAP_SIZE)
 *fill*         0x200000c0      0x400 
                0x200004c0                __HeapLimit = .
                0x200004c0                __heap_limit = .
                0x200004c0                __heap_end__ = .
                0x20007000                __StackTop = (ORIGIN (m_data_2) + LENGTH (m_data_2))
                0x20006c00                __StackLimit = (__StackTop - STACK_SIZE)
                0x20007000                PROVIDE (__stack, __StackTop)
                0x20007000                __RAM_END = __StackTop

.stack          0x20006c00      0x400
                0x20006c00                . = ALIGN (0x8)
                0x20006c00                __stack_start__ = .
                0x20007000                . = (. + STACK_SIZE)
 *fill*         0x20006c00      0x400 
                0x20007000                __stack_end__ = .
                0x20000000                __START_BSS = __BSS_START
                0x200000bc                __END_BSS = __BSS_END
                0x20007000                __SP_INIT = __StackTop

.ARM.attributes
                0x00000000       0x2a
 *(.ARM.attributes)
 .ARM.attributes
                0x00000000       0x1e f:/embedded&automotive/s32k144/install/s32ds/build_tools/gcc_v6.3/gcc-6.3-arm32-eabi/bin/../lib/gcc/arm-none-eabi/6.3.1/thumb/v7e-m/crti.o
 .ARM.attributes
                0x0000001e       0x2e f:/embedded&automotive/s32k144/install/s32ds/build_tools/gcc_v6.3/gcc-6.3-arm32-eabi/bin/../lib/gcc/arm-none-eabi/6.3.1/thumb/v7e-m/crtbegin.o
 .ARM.attributes
                0x0000004c       0x1c F:/Embedded&Automotive/S32K144/Install/S32DS/build_tools/gcc_v6.3/gcc-6.3-arm32-eabi/arm-none-eabi/newlib/lib/thumb/v7e-m/crt0.o
 .ARM.attributes
                0x00000068       0x33 ./Project_Settings/Startup_Code/startup.o
 .ARM.attributes
                0x0000009b       0x1b ./Project_Settings/Startup_Code/startup_S32K144.o
 .ARM.attributes
                0x000000b6       0x33 ./Project_Settings/Startup_Code/system_S32K144.o
 .ARM.attributes
                0x000000e9       0x33 ./src/ADC.o
 .ARM.attributes
                0x0000011c       0x33 ./src/Can.o
 .ARM.attributes
                0x0000014f       0x33 ./src/Can_PBcfg.o
 .ARM.attributes
                0x00000182       0x33 ./src/Det.o
 .ARM.attributes
                0x000001b5       0x33 ./src/LPUART.o
 .ARM.attributes
                0x000001e8       0x33 ./src/clocks_and_modes.o
 .ARM.attributes
                0x0000021b       0x33 ./src/main.o
 .ARM.attributes
                0x0000024e       0x2e F:/Embedded&Automotive/S32K144/Install/S32DS/build_tools/gcc_v6.3/gcc-6.3-arm32-eabi/arm-none-eabi/newlib/lib/thumb/v7e-m\libc.a(lib_a-exit.o)
 .ARM.attributes
                0x0000027c       0x2e F:/Embedded&Automotive/S32K144/Install/S32DS/build_tools/gcc_v6.3/gcc-6.3-arm32-eabi/arm-none-eabi/newlib/lib/thumb/v7e-m\libc.a(lib_a-impure.o)
 .ARM.attributes
                0x000002aa       0x2e F:/Embedded&Automotive/S32K144/Install/S32DS/build_tools/gcc_v6.3/gcc-6.3-arm32-eabi/arm-none-eabi/newlib/lib/thumb/v7e-m\libc.a(lib_a-init.o)
 .ARM.attributes
                0x000002d8       0x2e F:/Embedded&Automotive/S32K144/Install/S32DS/build_tools/gcc_v6.3/gcc-6.3-arm32-eabi/arm-none-eabi/newlib/lib/thumb/v7e-m\libc.a(lib_a-memset.o)
 .ARM.attributes
                0x00000306       0x2e F:/Embedded&Automotive/S32K144/Install/S32DS/build_tools/gcc_v6.3/gcc-6.3-arm32-eabi/arm-none-eabi/newlib/lib/thumb/v7e-m\libc.a(lib_a-__call_atexit.o)
 .ARM.attributes
                0x00000334       0x2e F:/Embedded&Automotive/S32K144/Install/S32DS/build_tools/gcc_v6.3/gcc-6.3-arm32-eabi/arm-none-eabi/newlib/lib/thumb/v7e-m\libc.a(lib_a-fini.o)
 .ARM.attributes
                0x00000362       0x2e F:/Embedded&Automotive/S32K144/Install/S32DS/build_tools/gcc_v6.3/gcc-6.3-arm32-eabi/arm-none-eabi/newlib/lib/thumb/v7e-m\libc.a(lib_a-atexit.o)
 .ARM.attributes
                0x00000390       0x2e F:/Embedded&Automotive/S32K144/Install/S32DS/build_tools/gcc_v6.3/gcc-6.3-arm32-eabi/arm-none-eabi/newlib/lib/thumb/v7e-m\libc.a(lib_a-__atexit.o)
 .ARM.attributes
                0x000003be       0x2e F:/Embedded&Automotive/S32K144/Install/S32DS/build_tools/gcc_v6.3/gcc-6.3-arm32-eabi/arm-none-eabi/newlib/lib/thumb/v7e-m\libnosys.a(_exit.o)
 .ARM.attributes
                0x000003ec       0x2e f:/embedded&automotive/s32k144/install/s32ds/build_tools/gcc_v6.3/gcc-6.3-arm32-eabi/bin/../lib/gcc/arm-none-eabi/6.3.1/thumb/v7e-m/crtend.o
 .ARM.attributes
                0x0000041a       0x1e f:/embedded&automotive/s32k144/install/s32ds/build_tools/gcc_v6.3/gcc-6.3-arm32-eabi/bin/../lib/gcc/arm-none-eabi/6.3.1/thumb/v7e-m/crtn.o
                0x00000001                ASSERT ((__StackLimit >= __HeapLimit), region m_data_2 overflowed with stack and heap)
OUTPUT(AutosarCanTest.elf elf32-littlearm)

.comment        0x00000000       0xa0
 .comment       0x00000000       0xa0 f:/embedded&automotive/s32k144/install/s32ds/build_tools/gcc_v6.3/gcc-6.3-arm32-eabi/bin/../lib/gcc/arm-none-eabi/6.3.1/thumb/v7e-m/crtbegin.o
                                 0xa1 (size before relaxing)
 .comment       0x000000a0       0xa1 ./Project_Settings/Startup_Code/startup.o
 .comment       0x000000a0       0xa1 ./Project_Settings/Startup_Code/system_S32K144.o
 .comment       0x000000a0       0xa1 ./src/ADC.o
 .comment       0x000000a0       0xa1 ./src/Can.o
 .comment       0x000000a0       0xa1 ./src/Can_PBcfg.o
 .comment       0x000000a0       0xa1 ./src/Det.o
 .comment       0x000000a0       0xa1 ./src/LPUART.o
 .comment       0x000000a0       0xa1 ./src/clocks_and_modes.o
 .comment       0x000000a0       0xa1 ./src/main.o
 .comment       0x000000a0       0xa1 f:/embedded&automotive/s32k144/install/s32ds/build_tools/gcc_v6.3/gcc-6.3-arm32-eabi/bin/../lib/gcc/arm-none-eabi/6.3.1/thumb/v7e-m/crtend.o

.debug_info     0x00000000     0x24ce
 .debug_info    0x00000000      0x471 ./Project_Settings/Startup_Code/startup.o
 .debug_info    0x00000471       0x26 ./Project_Settings/Startup_Code/startup_S32K144.o
 .debug_info    0x00000497      0x522 ./Project_Settings/Startup_Code/system_S32K144.o
 .debug_info    0x000009b9      0x359 ./src/ADC.o
 .debug_info    0x00000d12      0x7ef ./src/Can.o
 .debug_info    0x00001501      0x34b ./src/Can_PBcfg.o
 .debug_info    0x0000184c       0xdf ./src/Det.o
 .debug_info    0x0000192b      0x240 ./src/LPUART.o
 .debug_info    0x00001b6b      0x27f ./src/clocks_and_modes.o
 .debug_info    0x00001dea      0x6e4 ./src/main.o

.debug_abbrev   0x00000000      0x92b
 .debug_abbrev  0x00000000      0x108 ./Project_Settings/Startup_Code/startup.o
 .debug_abbrev  0x00000108       0x14 ./Project_Settings/Startup_Code/startup_S32K144.o
 .debug_abbrev  0x0000011c      0x125 ./Project_Settings/Startup_Code/system_S32K144.o
 .debug_abbrev  0x00000241      0x125 ./src/ADC.o
 .debug_abbrev  0x00000366      0x17b ./src/Can.o
 .debug_abbrev  0x000004e1       0x8b ./src/Can_PBcfg.o
 .debug_abbrev  0x0000056c       0x58 ./src/Det.o
 .debug_abbrev  0x000005c4      0x12e ./src/LPUART.o
 .debug_abbrev  0x000006f2       0xc2 ./src/clocks_and_modes.o
 .debug_abbrev  0x000007b4      0x177 ./src/main.o

.debug_aranges  0x00000000      0x208
 .debug_aranges
                0x00000000       0x20 ./Project_Settings/Startup_Code/startup.o
 .debug_aranges
                0x00000020       0x20 ./Project_Settings/Startup_Code/startup_S32K144.o
 .debug_aranges
                0x00000040       0x30 ./Project_Settings/Startup_Code/system_S32K144.o
 .debug_aranges
                0x00000070       0x40 ./src/ADC.o
 .debug_aranges
                0x000000b0       0x78 ./src/Can.o
 .debug_aranges
                0x00000128       0x18 ./src/Can_PBcfg.o
 .debug_aranges
                0x00000140       0x20 ./src/Det.o
 .debug_aranges
                0x00000160       0x40 ./src/LPUART.o
 .debug_aranges
                0x000001a0       0x30 ./src/clocks_and_modes.o
 .debug_aranges
                0x000001d0       0x38 ./src/main.o

.debug_ranges   0x00000000      0x150
 .debug_ranges  0x00000000       0x10 ./Project_Settings/Startup_Code/startup.o
 .debug_ranges  0x00000010       0x20 ./Project_Settings/Startup_Code/system_S32K144.o
 .debug_ranges  0x00000030       0x30 ./src/ADC.o
 .debug_ranges  0x00000060       0x68 ./src/Can.o
 .debug_ranges  0x000000c8       0x10 ./src/Det.o
 .debug_ranges  0x000000d8       0x30 ./src/LPUART.o
 .debug_ranges  0x00000108       0x20 ./src/clocks_and_modes.o
 .debug_ranges  0x00000128       0x28 ./src/main.o

.debug_macro    0x00000000    0x200c4
 .debug_macro   0x00000000       0xb5 ./Project_Settings/Startup_Code/startup.o
 .debug_macro   0x000000b5      0x8d4 ./Project_Settings/Startup_Code/startup.o
 .debug_macro   0x00000989       0x22 ./Project_Settings/Startup_Code/startup.o
 .debug_macro   0x000009ab       0x87 ./Project_Settings/Startup_Code/startup.o
 .debug_macro   0x00000a32       0x51 ./Project_Settings/Startup_Code/startup.o
 .debug_macro   0x00000a83       0xef ./Project_Settings/Startup_Code/startup.o
 .debug_macro   0x00000b72       0x6a ./Project_Settings/Startup_Code/startup.o
 .debug_macro   0x00000bdc      0x1df ./Project_Settings/Startup_Code/startup.o
 .debug_macro   0x00000dbb       0x10 ./Project_Settings/Startup_Code/startup.o
 .debug_macro   0x00000dcb       0x7a ./Project_Settings/Startup_Code/startup.o
 .debug_macro   0x00000e45     0xed32 ./Project_Settings/Startup_Code/startup.o
 .debug_macro   0x0000fb77      0xb86 ./Project_Settings/Startup_Code/startup.o
 .debug_macro   0x000106fd       0x22 ./Project_Settings/Startup_Code/startup.o
 .debug_macro   0x0001071f       0x40 ./Project_Settings/Startup_Code/startup.o
 .debug_macro   0x0001075f       0xb5 ./Project_Settings/Startup_Code/system_S32K144.o
 .debug_macro   0x00010814       0x19 ./Project_Settings/Startup_Code/system_S32K144.o
 .debug_macro   0x0001082d     0xed1d ./Project_Settings/Startup_Code/system_S32K144.o
 .debug_macro   0x0001f54a       0x28 ./Project_Settings/Startup_Code/system_S32K144.o
 .debug_macro   0x0001f572       0xb6 ./src/ADC.o
 .debug_macro   0x0001f628       0x87 ./src/Can.o
 .debug_macro   0x0001f6af       0x88 ./src/Can.o
 .debug_macro   0x0001f737       0x70 ./src/Can.o
 .debug_macro   0x0001f7a7       0x2e ./src/Can.o
 .debug_macro   0x0001f7d5       0x34 ./src/Can.o
 .debug_macro   0x0001f809       0x3a ./src/Can.o
 .debug_macro   0x0001f843      0x10c ./src/Can.o
 .debug_macro   0x0001f94f       0x3a ./src/Can.o
 .debug_macro   0x0001f989      0x1ae ./src/Can.o
 .debug_macro   0x0001fb37       0x40 ./src/Can.o
 .debug_macro   0x0001fb77       0x7a ./src/Can.o
 .debug_macro   0x0001fbf1       0x5f ./src/Can_PBcfg.o
 .debug_macro   0x0001fc50       0x34 ./src/Can_PBcfg.o
 .debug_macro   0x0001fc84      0x106 ./src/Can_PBcfg.o
 .debug_macro   0x0001fd8a       0x34 ./src/Can_PBcfg.o
 .debug_macro   0x0001fdbe       0x38 ./src/Det.o
 .debug_macro   0x0001fdf6       0x3a ./src/Det.o
 .debug_macro   0x0001fe30       0xb6 ./src/LPUART.o
 .debug_macro   0x0001fee6       0xb6 ./src/clocks_and_modes.o
 .debug_macro   0x0001ff9c      0x128 ./src/main.o

.debug_line     0x00000000     0x1c1d
 .debug_line    0x00000000      0x37f ./Project_Settings/Startup_Code/startup.o
 .debug_line    0x0000037f       0x91 ./Project_Settings/Startup_Code/startup_S32K144.o
 .debug_line    0x00000410      0x39c ./Project_Settings/Startup_Code/system_S32K144.o
 .debug_line    0x000007ac      0x37d ./src/ADC.o
 .debug_line    0x00000b29      0x418 ./src/Can.o
 .debug_line    0x00000f41       0xde ./src/Can_PBcfg.o
 .debug_line    0x0000101f       0xae ./src/Det.o
 .debug_line    0x000010cd      0x38e ./src/LPUART.o
 .debug_line    0x0000145b      0x394 ./src/clocks_and_modes.o
 .debug_line    0x000017ef      0x42e ./src/main.o

.debug_str      0x00000000    0x6a9f4
 .debug_str     0x00000000    0x688bf ./Project_Settings/Startup_Code/startup.o
                              0x68ae7 (size before relaxing)
 .debug_str     0x000688bf       0x3f ./Project_Settings/Startup_Code/startup_S32K144.o
                                 0x87 (size before relaxing)
 .debug_str     0x000688fe      0x1f3 ./Project_Settings/Startup_Code/system_S32K144.o
                              0x688c0 (size before relaxing)
 .debug_str     0x00068af1      0x11e ./src/ADC.o
                              0x68749 (size before relaxing)
 .debug_str     0x00068c0f     0x1af2 ./src/Can.o
                               0x450d (size before relaxing)
 .debug_str     0x0006a701       0x8f ./src/Can_PBcfg.o
                               0x36f4 (size before relaxing)
 .debug_str     0x0006a790       0x3f ./src/Det.o
                               0x2bfb (size before relaxing)
 .debug_str     0x0006a7cf       0xdc ./src/LPUART.o
                              0x68711 (size before relaxing)
 .debug_str     0x0006a8ab       0x63 ./src/clocks_and_modes.o
                              0x6874b (size before relaxing)
 .debug_str     0x0006a90e       0xe6 ./src/main.o
                              0x69e29 (size before relaxing)

.debug_frame    0x00000000      0x6b0
 .debug_frame   0x00000000       0x38 ./Project_Settings/Startup_Code/startup.o
 .debug_frame   0x00000038       0x80 ./Project_Settings/Startup_Code/system_S32K144.o
 .debug_frame   0x000000b8       0xc8 ./src/ADC.o
 .debug_frame   0x00000180      0x1c4 ./src/Can.o
 .debug_frame   0x00000344       0x38 ./src/Det.o
 .debug_frame   0x0000037c       0xc8 ./src/LPUART.o
 .debug_frame   0x00000444       0x70 ./src/clocks_and_modes.o
 .debug_frame   0x000004b4       0x94 ./src/main.o
 .debug_frame   0x00000548       0x28 F:/Embedded&Automotive/S32K144/Install/S32DS/build_tools/gcc_v6.3/gcc-6.3-arm32-eabi/arm-none-eabi/newlib/lib/thumb/v7e-m\libc.a(lib_a-exit.o)
 .debug_frame   0x00000570       0x2c F:/Embedded&Automotive/S32K144/Install/S32DS/build_tools/gcc_v6.3/gcc-6.3-arm32-eabi/arm-none-eabi/newlib/lib/thumb/v7e-m\libc.a(lib_a-init.o)
 .debug_frame   0x0000059c       0x20 F:/Embedded&Automotive/S32K144/Install/S32DS/build_tools/gcc_v6.3/gcc-6.3-arm32-eabi/arm-none-eabi/newlib/lib/thumb/v7e-m\libc.a(lib_a-memset.o)
 .debug_frame   0x000005bc       0x4c F:/Embedded&Automotive/S32K144/Install/S32DS/build_tools/gcc_v6.3/gcc-6.3-arm32-eabi/arm-none-eabi/newlib/lib/thumb/v7e-m\libc.a(lib_a-__call_atexit.o)
 .debug_frame   0x00000608       0x38 F:/Embedded&Automotive/S32K144/Install/S32DS/build_tools/gcc_v6.3/gcc-6.3-arm32-eabi/arm-none-eabi/newlib/lib/thumb/v7e-m\libc.a(lib_a-fini.o)
 .debug_frame   0x00000640       0x20 F:/Embedded&Automotive/S32K144/Install/S32DS/build_tools/gcc_v6.3/gcc-6.3-arm32-eabi/arm-none-eabi/newlib/lib/thumb/v7e-m\libc.a(lib_a-atexit.o)
 .debug_frame   0x00000660       0x30 F:/Embedded&Automotive/S32K144/Install/S32DS/build_tools/gcc_v6.3/gcc-6.3-arm32-eabi/arm-none-eabi/newlib/lib/thumb/v7e-m\libc.a(lib_a-__atexit.o)
 .debug_frame   0x00000690       0x20 F:/Embedded&Automotive/S32K144/Install/S32DS/build_tools/gcc_v6.3/gcc-6.3-arm32-eabi/arm-none-eabi/newlib/lib/thumb/v7e-m\libnosys.a(_exit.o)
