Archive member included to satisfy reference by file (symbol)

F:/Embedded&Automotive/S32K144/Install/S32DS/build_tools/gcc_v6.3/gcc-6.3-arm32-eabi/arm-none-eabi/newlib/lib/thumb/v7e-m\libc.a(lib_a-exit.o)
                              F:/Embedded&Automotive/S32K144/Install/S32DS/build_tools/gcc_v6.3/gcc-6.3-arm32-eabi/arm-none-eabi/newlib/lib/thumb/v7e-m/crt0.o (exit)
F:/Embedded&Automotive/S32K144/Install/S32DS/build_tools/gcc_v6.3/gcc-6.3-arm32-eabi/arm-none-eabi/newlib/lib/thumb/v7e-m\libc.a(lib_a-impure.o)
                              F:/Embedded&Automotive/S32K144/Install/S32DS/build_tools/gcc_v6.3/gcc-6.3-arm32-eabi/arm-none-eabi/newlib/lib/thumb/v7e-m\libc.a(lib_a-exit.o) (_global_impure_ptr)
F:/Embedded&Automotive/S32K144/Install/S32DS/build_tools/gcc_v6.3/gcc-6.3-arm32-eabi/arm-none-eabi/newlib/lib/thumb/v7e-m\libc.a(lib_a-init.o)
                              F:/Embedded&Automotive/S32K144/Install/S32DS/build_tools/gcc_v6.3/gcc-6.3-arm32-eabi/arm-none-eabi/newlib/lib/thumb/v7e-m/crt0.o (__libc_init_array)
F:/Embedded&Automotive/S32K144/Install/S32DS/build_tools/gcc_v6.3/gcc-6.3-arm32-eabi/arm-none-eabi/newlib/lib/thumb/v7e-m\libc.a(lib_a-memcpy-stub.o)
                              ./Project_Settings/Startup_Code/startup.o (memcpy)
F:/Embedded&Automotive/S32K144/Install/S32DS/build_tools/gcc_v6.3/gcc-6.3-arm32-eabi/arm-none-eabi/newlib/lib/thumb/v7e-m\libc.a(lib_a-memset.o)
                              F:/Embedded&Automotive/S32K144/Install/S32DS/build_tools/gcc_v6.3/gcc-6.3-arm32-eabi/arm-none-eabi/newlib/lib/thumb/v7e-m/crt0.o (memset)
F:/Embedded&Automotive/S32K144/Install/S32DS/build_tools/gcc_v6.3/gcc-6.3-arm32-eabi/arm-none-eabi/newlib/lib/thumb/v7e-m\libc.a(lib_a-__call_atexit.o)
                              F:/Embedded&Automotive/S32K144/Install/S32DS/build_tools/gcc_v6.3/gcc-6.3-arm32-eabi/arm-none-eabi/newlib/lib/thumb/v7e-m\libc.a(lib_a-exit.o) (__call_exitprocs)
F:/Embedded&Automotive/S32K144/Install/S32DS/build_tools/gcc_v6.3/gcc-6.3-arm32-eabi/arm-none-eabi/newlib/lib/thumb/v7e-m\libc.a(lib_a-fini.o)
                              F:/Embedded&Automotive/S32K144/Install/S32DS/build_tools/gcc_v6.3/gcc-6.3-arm32-eabi/arm-none-eabi/newlib/lib/thumb/v7e-m\libc.a(lib_a-__call_atexit.o) (__libc_fini_array)
F:/Embedded&Automotive/S32K144/Install/S32DS/build_tools/gcc_v6.3/gcc-6.3-arm32-eabi/arm-none-eabi/newlib/lib/thumb/v7e-m\libc.a(lib_a-atexit.o)
                              F:/Embedded&Automotive/S32K144/Install/S32DS/build_tools/gcc_v6.3/gcc-6.3-arm32-eabi/arm-none-eabi/newlib/lib/thumb/v7e-m\libc.a(lib_a-__call_atexit.o) (atexit)
F:/Embedded&Automotive/S32K144/Install/S32DS/build_tools/gcc_v6.3/gcc-6.3-arm32-eabi/arm-none-eabi/newlib/lib/thumb/v7e-m\libc.a(lib_a-__atexit.o)
                              F:/Embedded&Automotive/S32K144/Install/S32DS/build_tools/gcc_v6.3/gcc-6.3-arm32-eabi/arm-none-eabi/newlib/lib/thumb/v7e-m\libc.a(lib_a-atexit.o) (__register_exitproc)
F:/Embedded&Automotive/S32K144/Install/S32DS/build_tools/gcc_v6.3/gcc-6.3-arm32-eabi/arm-none-eabi/newlib/lib/thumb/v7e-m\libnosys.a(_exit.o)
                              F:/Embedded&Automotive/S32K144/Install/S32DS/build_tools/gcc_v6.3/gcc-6.3-arm32-eabi/arm-none-eabi/newlib/lib/thumb/v7e-m\libc.a(lib_a-exit.o) (_exit)

Allocating common symbols
Common symbol       size              file

IFLAG1_Reg          0x4               ./src/Can.o

Discarded input sections

 .text          0x00000000        0x0 f:/embedded&automotive/s32k144/install/s32ds/build_tools/gcc_v6.3/gcc-6.3-arm32-eabi/bin/../lib/gcc/arm-none-eabi/6.3.1/thumb/v7e-m/crti.o
 .data          0x00000000        0x0 f:/embedded&automotive/s32k144/install/s32ds/build_tools/gcc_v6.3/gcc-6.3-arm32-eabi/bin/../lib/gcc/arm-none-eabi/6.3.1/thumb/v7e-m/crti.o
 .bss           0x00000000        0x0 f:/embedded&automotive/s32k144/install/s32ds/build_tools/gcc_v6.3/gcc-6.3-arm32-eabi/bin/../lib/gcc/arm-none-eabi/6.3.1/thumb/v7e-m/crti.o
 .data          0x00000000        0x4 f:/embedded&automotive/s32k144/install/s32ds/build_tools/gcc_v6.3/gcc-6.3-arm32-eabi/bin/../lib/gcc/arm-none-eabi/6.3.1/thumb/v7e-m/crtbegin.o
 .data          0x00000000        0x0 F:/Embedded&Automotive/S32K144/Install/S32DS/build_tools/gcc_v6.3/gcc-6.3-arm32-eabi/arm-none-eabi/newlib/lib/thumb/v7e-m/crt0.o
 .bss           0x00000000        0x0 F:/Embedded&Automotive/S32K144/Install/S32DS/build_tools/gcc_v6.3/gcc-6.3-arm32-eabi/arm-none-eabi/newlib/lib/thumb/v7e-m/crt0.o
 .ARM.extab     0x00000000        0x0 F:/Embedded&Automotive/S32K144/Install/S32DS/build_tools/gcc_v6.3/gcc-6.3-arm32-eabi/arm-none-eabi/newlib/lib/thumb/v7e-m/crt0.o
 .text          0x00000000        0x0 ./Project_Settings/Startup_Code/startup.o
 .data          0x00000000        0x0 ./Project_Settings/Startup_Code/startup.o
 .bss           0x00000000        0x0 ./Project_Settings/Startup_Code/startup.o
 .data          0x00000000        0x0 ./Project_Settings/Startup_Code/startup_S32K144.o
 .bss           0x00000000        0x0 ./Project_Settings/Startup_Code/startup_S32K144.o
 .text          0x00000000        0x0 ./Project_Settings/Startup_Code/system_S32K144.o
 .data          0x00000000        0x0 ./Project_Settings/Startup_Code/system_S32K144.o
 .bss           0x00000000        0x0 ./Project_Settings/Startup_Code/system_S32K144.o
 .text.SystemCoreClockUpdate
                0x00000000       0x7c ./Project_Settings/Startup_Code/system_S32K144.o
 .text.SystemSoftwareReset
                0x00000000       0x18 ./Project_Settings/Startup_Code/system_S32K144.o
 .data.SystemCoreClock
                0x00000000        0x4 ./Project_Settings/Startup_Code/system_S32K144.o
 .text          0x00000000        0x0 ./src/ADC.o
 .data          0x00000000        0x0 ./src/ADC.o
 .bss           0x00000000        0x0 ./src/ADC.o
 .text.ADC_init_HWTrigger
                0x00000000       0x60 ./src/ADC.o
 .text          0x00000000        0x0 ./src/Can.o
 .data          0x00000000        0x0 ./src/Can.o
 .bss           0x00000000        0x0 ./src/Can.o
 .text.Can_GetVersionInfo
                0x00000000       0x28 ./src/Can.o
 .text.Can_DeInit
                0x00000000       0x70 ./src/Can.o
 .text.Can_DisableControllerInterrupts
                0x00000000       0x5c ./src/Can.o
 .text.Can_EnableControllerInterrupts
                0x00000000       0x64 ./src/Can.o
 .text.Can_GetControllerErrorState
                0x00000000       0x5c ./src/Can.o
 .text.Can_GetControllerMode
                0x00000000       0x44 ./src/Can.o
 COMMON         0x00000000        0x4 ./src/Can.o
 .text          0x00000000        0x0 ./src/Can_PBcfg.o
 .data          0x00000000        0x0 ./src/Can_PBcfg.o
 .bss           0x00000000        0x0 ./src/Can_PBcfg.o
 .text          0x00000000        0x0 ./src/Det.o
 .data          0x00000000        0x0 ./src/Det.o
 .bss           0x00000000        0x0 ./src/Det.o
 .text          0x00000000        0x0 ./src/LPUART.o
 .data          0x00000000        0x0 ./src/LPUART.o
 .bss           0x00000000        0x0 ./src/LPUART.o
 .text.LPUART1_transmit_string
                0x00000000       0x1c ./src/LPUART.o
 .text.LPUART1_receive_char
                0x00000000       0x14 ./src/LPUART.o
 .text.LPUART1_receive_and_echo_char
                0x00000000       0x34 ./src/LPUART.o
 .text          0x00000000        0x0 ./src/clocks_and_modes.o
 .data          0x00000000        0x0 ./src/clocks_and_modes.o
 .bss           0x00000000        0x0 ./src/clocks_and_modes.o
 .text          0x00000000        0x0 ./src/main.o
 .data          0x00000000        0x0 ./src/main.o
 .bss           0x00000000        0x0 ./src/main.o
 .text.WDOG_disable
                0x00000000       0x1c ./src/main.o
 .text.NVIC_init_IRQs
                0x00000000       0x18 ./src/main.o
 .text          0x00000000        0x0 F:/Embedded&Automotive/S32K144/Install/S32DS/build_tools/gcc_v6.3/gcc-6.3-arm32-eabi/arm-none-eabi/newlib/lib/thumb/v7e-m\libc.a(lib_a-exit.o)
 .data          0x00000000        0x0 F:/Embedded&Automotive/S32K144/Install/S32DS/build_tools/gcc_v6.3/gcc-6.3-arm32-eabi/arm-none-eabi/newlib/lib/thumb/v7e-m\libc.a(lib_a-exit.o)
 .bss           0x00000000        0x0 F:/Embedded&Automotive/S32K144/Install/S32DS/build_tools/gcc_v6.3/gcc-6.3-arm32-eabi/arm-none-eabi/newlib/lib/thumb/v7e-m\libc.a(lib_a-exit.o)
 .text          0x00000000        0x0 F:/Embedded&Automotive/S32K144/Install/S32DS/build_tools/gcc_v6.3/gcc-6.3-arm32-eabi/arm-none-eabi/newlib/lib/thumb/v7e-m\libc.a(lib_a-impure.o)
 .data          0x00000000        0x0 F:/Embedded&Automotive/S32K144/Install/S32DS/build_tools/gcc_v6.3/gcc-6.3-arm32-eabi/arm-none-eabi/newlib/lib/thumb/v7e-m\libc.a(lib_a-impure.o)
 .bss           0x00000000        0x0 F:/Embedded&Automotive/S32K144/Install/S32DS/build_tools/gcc_v6.3/gcc-6.3-arm32-eabi/arm-none-eabi/newlib/lib/thumb/v7e-m\libc.a(lib_a-impure.o)
 .data._impure_ptr
                0x00000000        0x4 F:/Embedded&Automotive/S32K144/Install/S32DS/build_tools/gcc_v6.3/gcc-6.3-arm32-eabi/arm-none-eabi/newlib/lib/thumb/v7e-m\libc.a(lib_a-impure.o)
 .text          0x00000000        0x0 F:/Embedded&Automotive/S32K144/Install/S32DS/build_tools/gcc_v6.3/gcc-6.3-arm32-eabi/arm-none-eabi/newlib/lib/thumb/v7e-m\libc.a(lib_a-init.o)
 .data          0x00000000        0x0 F:/Embedded&Automotive/S32K144/Install/S32DS/build_tools/gcc_v6.3/gcc-6.3-arm32-eabi/arm-none-eabi/newlib/lib/thumb/v7e-m\libc.a(lib_a-init.o)
 .bss           0x00000000        0x0 F:/Embedded&Automotive/S32K144/Install/S32DS/build_tools/gcc_v6.3/gcc-6.3-arm32-eabi/arm-none-eabi/newlib/lib/thumb/v7e-m\libc.a(lib_a-init.o)
 .text          0x00000000        0x0 F:/Embedded&Automotive/S32K144/Install/S32DS/build_tools/gcc_v6.3/gcc-6.3-arm32-eabi/arm-none-eabi/newlib/lib/thumb/v7e-m\libc.a(lib_a-memcpy-stub.o)
 .data          0x00000000        0x0 F:/Embedded&Automotive/S32K144/Install/S32DS/build_tools/gcc_v6.3/gcc-6.3-arm32-eabi/arm-none-eabi/newlib/lib/thumb/v7e-m\libc.a(lib_a-memcpy-stub.o)
 .bss           0x00000000        0x0 F:/Embedded&Automotive/S32K144/Install/S32DS/build_tools/gcc_v6.3/gcc-6.3-arm32-eabi/arm-none-eabi/newlib/lib/thumb/v7e-m\libc.a(lib_a-memcpy-stub.o)
 .text          0x00000000        0x0 F:/Embedded&Automotive/S32K144/Install/S32DS/build_tools/gcc_v6.3/gcc-6.3-arm32-eabi/arm-none-eabi/newlib/lib/thumb/v7e-m\libc.a(lib_a-memset.o)
 .data          0x00000000        0x0 F:/Embedded&Automotive/S32K144/Install/S32DS/build_tools/gcc_v6.3/gcc-6.3-arm32-eabi/arm-none-eabi/newlib/lib/thumb/v7e-m\libc.a(lib_a-memset.o)
 .bss           0x00000000        0x0 F:/Embedded&Automotive/S32K144/Install/S32DS/build_tools/gcc_v6.3/gcc-6.3-arm32-eabi/arm-none-eabi/newlib/lib/thumb/v7e-m\libc.a(lib_a-memset.o)
 .text          0x00000000        0x0 F:/Embedded&Automotive/S32K144/Install/S32DS/build_tools/gcc_v6.3/gcc-6.3-arm32-eabi/arm-none-eabi/newlib/lib/thumb/v7e-m\libc.a(lib_a-__call_atexit.o)
 .data          0x00000000        0x0 F:/Embedded&Automotive/S32K144/Install/S32DS/build_tools/gcc_v6.3/gcc-6.3-arm32-eabi/arm-none-eabi/newlib/lib/thumb/v7e-m\libc.a(lib_a-__call_atexit.o)
 .bss           0x00000000        0x0 F:/Embedded&Automotive/S32K144/Install/S32DS/build_tools/gcc_v6.3/gcc-6.3-arm32-eabi/arm-none-eabi/newlib/lib/thumb/v7e-m\libc.a(lib_a-__call_atexit.o)
 .text          0x00000000        0x0 F:/Embedded&Automotive/S32K144/Install/S32DS/build_tools/gcc_v6.3/gcc-6.3-arm32-eabi/arm-none-eabi/newlib/lib/thumb/v7e-m\libc.a(lib_a-fini.o)
 .data          0x00000000        0x0 F:/Embedded&Automotive/S32K144/Install/S32DS/build_tools/gcc_v6.3/gcc-6.3-arm32-eabi/arm-none-eabi/newlib/lib/thumb/v7e-m\libc.a(lib_a-fini.o)
 .bss           0x00000000        0x0 F:/Embedded&Automotive/S32K144/Install/S32DS/build_tools/gcc_v6.3/gcc-6.3-arm32-eabi/arm-none-eabi/newlib/lib/thumb/v7e-m\libc.a(lib_a-fini.o)
 .text          0x00000000        0x0 F:/Embedded&Automotive/S32K144/Install/S32DS/build_tools/gcc_v6.3/gcc-6.3-arm32-eabi/arm-none-eabi/newlib/lib/thumb/v7e-m\libc.a(lib_a-atexit.o)
 .data          0x00000000        0x0 F:/Embedded&Automotive/S32K144/Install/S32DS/build_tools/gcc_v6.3/gcc-6.3-arm32-eabi/arm-none-eabi/newlib/lib/thumb/v7e-m\libc.a(lib_a-atexit.o)
 .bss           0x00000000        0x0 F:/Embedded&Automotive/S32K144/Install/S32DS/build_tools/gcc_v6.3/gcc-6.3-arm32-eabi/arm-none-eabi/newlib/lib/thumb/v7e-m\libc.a(lib_a-atexit.o)
 .text          0x00000000        0x0 F:/Embedded&Automotive/S32K144/Install/S32DS/build_tools/gcc_v6.3/gcc-6.3-arm32-eabi/arm-none-eabi/newlib/lib/thumb/v7e-m\libc.a(lib_a-__atexit.o)
 .data          0x00000000        0x0 F:/Embedded&Automotive/S32K144/Install/S32DS/build_tools/gcc_v6.3/gcc-6.3-arm32-eabi/arm-none-eabi/newlib/lib/thumb/v7e-m\libc.a(lib_a-__atexit.o)
 .bss           0x00000000        0x0 F:/Embedded&Automotive/S32K144/Install/S32DS/build_tools/gcc_v6.3/gcc-6.3-arm32-eabi/arm-none-eabi/newlib/lib/thumb/v7e-m\libc.a(lib_a-__atexit.o)
 .text          0x00000000        0x0 F:/Embedded&Automotive/S32K144/Install/S32DS/build_tools/gcc_v6.3/gcc-6.3-arm32-eabi/arm-none-eabi/newlib/lib/thumb/v7e-m\libnosys.a(_exit.o)
 .data          0x00000000        0x0 F:/Embedded&Automotive/S32K144/Install/S32DS/build_tools/gcc_v6.3/gcc-6.3-arm32-eabi/arm-none-eabi/newlib/lib/thumb/v7e-m\libnosys.a(_exit.o)
 .bss           0x00000000        0x0 F:/Embedded&Automotive/S32K144/Install/S32DS/build_tools/gcc_v6.3/gcc-6.3-arm32-eabi/arm-none-eabi/newlib/lib/thumb/v7e-m\libnosys.a(_exit.o)
 .text          0x00000000        0x0 f:/embedded&automotive/s32k144/install/s32ds/build_tools/gcc_v6.3/gcc-6.3-arm32-eabi/bin/../lib/gcc/arm-none-eabi/6.3.1/thumb/v7e-m/crtend.o
 .data          0x00000000        0x0 f:/embedded&automotive/s32k144/install/s32ds/build_tools/gcc_v6.3/gcc-6.3-arm32-eabi/bin/../lib/gcc/arm-none-eabi/6.3.1/thumb/v7e-m/crtend.o
 .bss           0x00000000        0x0 f:/embedded&automotive/s32k144/install/s32ds/build_tools/gcc_v6.3/gcc-6.3-arm32-eabi/bin/../lib/gcc/arm-none-eabi/6.3.1/thumb/v7e-m/crtend.o
 .eh_frame      0x00000000        0x4 f:/embedded&automotive/s32k144/install/s32ds/build_tools/gcc_v6.3/gcc-6.3-arm32-eabi/bin/../lib/gcc/arm-none-eabi/6.3.1/thumb/v7e-m/crtend.o
 .text          0x00000000        0x0 f:/embedded&automotive/s32k144/install/s32ds/build_tools/gcc_v6.3/gcc-6.3-arm32-eabi/bin/../lib/gcc/arm-none-eabi/6.3.1/thumb/v7e-m/crtn.o
 .data          0x00000000        0x0 f:/embedded&automotive/s32k144/install/s32ds/build_tools/gcc_v6.3/gcc-6.3-arm32-eabi/bin/../lib/gcc/arm-none-eabi/6.3.1/thumb/v7e-m/crtn.o
 .bss           0x00000000        0x0 f:/embedded&automotive/s32k144/install/s32ds/build_tools/gcc_v6.3/gcc-6.3-arm32-eabi/bin/../lib/gcc/arm-none-eabi/6.3.1/thumb/v7e-m/crtn.o

Memory Configuration

Name             Origin             Length             Attributes
m_interrupts     0x00000000         0x00000400         xr
m_flash_config   0x00000400         0x00000010         xr
m_text           0x00000410         0x0007fbf0         xr
m_data           0x1fff8000         0x00008000         rw
m_data_2         0x20000000         0x00007000         rw
*default*        0x00000000         0xffffffff

Linker script and memory map

LOAD f:/embedded&automotive/s32k144/install/s32ds/build_tools/gcc_v6.3/gcc-6.3-arm32-eabi/bin/../lib/gcc/arm-none-eabi/6.3.1/thumb/v7e-m/crti.o
LOAD f:/embedded&automotive/s32k144/install/s32ds/build_tools/gcc_v6.3/gcc-6.3-arm32-eabi/bin/../lib/gcc/arm-none-eabi/6.3.1/thumb/v7e-m/crtbegin.o
LOAD F:/Embedded&Automotive/S32K144/Install/S32DS/build_tools/gcc_v6.3/gcc-6.3-arm32-eabi/arm-none-eabi/newlib/lib/thumb/v7e-m/crt0.o
LOAD ./Project_Settings/Startup_Code/startup.o
LOAD ./Project_Settings/Startup_Code/startup_S32K144.o
LOAD ./Project_Settings/Startup_Code/system_S32K144.o
LOAD ./src/ADC.o
LOAD ./src/Can.o
LOAD ./src/Can_PBcfg.o
LOAD ./src/Det.o
LOAD ./src/LPUART.o
LOAD ./src/clocks_and_modes.o
LOAD ./src/main.o
START GROUP
LOAD f:/embedded&automotive/s32k144/install/s32ds/build_tools/gcc_v6.3/gcc-6.3-arm32-eabi/bin/../lib/gcc/arm-none-eabi/6.3.1/thumb/v7e-m\libgcc.a
LOAD F:/Embedded&Automotive/S32K144/Install/S32DS/build_tools/gcc_v6.3/gcc-6.3-arm32-eabi/arm-none-eabi/newlib/lib/thumb/v7e-m\libc.a
END GROUP
START GROUP
LOAD f:/embedded&automotive/s32k144/install/s32ds/build_tools/gcc_v6.3/gcc-6.3-arm32-eabi/bin/../lib/gcc/arm-none-eabi/6.3.1/thumb/v7e-m\libgcc.a
LOAD F:/Embedded&Automotive/S32K144/Install/S32DS/build_tools/gcc_v6.3/gcc-6.3-arm32-eabi/arm-none-eabi/newlib/lib/thumb/v7e-m\libc.a
LOAD F:/Embedded&Automotive/S32K144/Install/S32DS/build_tools/gcc_v6.3/gcc-6.3-arm32-eabi/arm-none-eabi/newlib/lib/thumb/v7e-m\libnosys.a
END GROUP
LOAD f:/embedded&automotive/s32k144/install/s32ds/build_tools/gcc_v6.3/gcc-6.3-arm32-eabi/bin/../lib/gcc/arm-none-eabi/6.3.1/thumb/v7e-m/crtend.o
LOAD f:/embedded&automotive/s32k144/install/s32ds/build_tools/gcc_v6.3/gcc-6.3-arm32-eabi/bin/../lib/gcc/arm-none-eabi/6.3.1/thumb/v7e-m/crtn.o
                0x00000400                HEAP_SIZE = DEFINED (__heap_size__)?__heap_size__:0x400
                0x00000400                STACK_SIZE = DEFINED (__stack_size__)?__stack_size__:0x400
                0x00000400                M_VECTOR_RAM_SIZE = DEFINED (__flash_vector_table__)?0x0:0x400

.interrupts     0x00000000      0x400
                0x00000000                __VECTOR_TABLE = .
                0x00000000                __interrupts_start__ = .
                0x00000000                . = ALIGN (0x4)
 *(.isr_vector)
 .isr_vector    0x00000000      0x400 ./Project_Settings/Startup_Code/startup_S32K144.o
                0x00000000                __isr_vector
                0x00000400                __interrupts_end__ = .
                0x00000400                . = ALIGN (0x4)

.flash_config   0x00000400       0x10
                0x00000400                . = ALIGN (0x4)
 *(.FlashConfig)
 .FlashConfig   0x00000400       0x10 ./Project_Settings/Startup_Code/startup_S32K144.o
                0x00000410                . = ALIGN (0x4)

.text           0x00000410      0xf9c
                0x00000410                . = ALIGN (0x4)
 *(.text)
 .text          0x00000410       0xa4 f:/embedded&automotive/s32k144/install/s32ds/build_tools/gcc_v6.3/gcc-6.3-arm32-eabi/bin/../lib/gcc/arm-none-eabi/6.3.1/thumb/v7e-m/crtbegin.o
 .text          0x000004b4       0x74 F:/Embedded&Automotive/S32K144/Install/S32DS/build_tools/gcc_v6.3/gcc-6.3-arm32-eabi/arm-none-eabi/newlib/lib/thumb/v7e-m/crt0.o
                0x000004b4                _start
                0x000004b4                _mainCRTStartup
 .text          0x00000528       0x6c ./Project_Settings/Startup_Code/startup_S32K144.o
                0x00000528                Reset_Handler
                0x00000590                DebugMon_Handler
                0x00000590                Reserved88_IRQHandler
                0x00000590                CAN0_ORed_IRQHandler
                0x00000590                HardFault_Handler
                0x00000590                Reserved86_IRQHandler
                0x00000590                Reserved103_IRQHandler
                0x00000590                SysTick_Handler
                0x00000590                FTM2_Ovf_Reload_IRQHandler
                0x00000590                Reserved50_IRQHandler
                0x00000590                FTFC_Fault_IRQHandler
                0x00000590                FTM0_Ch6_Ch7_IRQHandler
                0x00000590                Reserved114_IRQHandler
                0x00000590                PendSV_Handler
                0x00000590                NMI_Handler
                0x00000590                Reserved89_IRQHandler
                0x00000590                ERM_double_fault_IRQHandler
                0x00000590                DMA2_IRQHandler
                0x00000590                Reserved59_IRQHandler
                0x00000590                LPIT0_Ch0_IRQHandler
                0x00000590                Reserved99_IRQHandler
                0x00000590                FTM3_Ch6_Ch7_IRQHandler
                0x00000590                CAN2_ORed_0_15_MB_IRQHandler
                0x00000590                LPIT0_Ch3_IRQHandler
                0x00000590                Reserved92_IRQHandler
                0x00000590                FTM0_Ch4_Ch5_IRQHandler
                0x00000590                CAN1_Error_IRQHandler
                0x00000590                FTM3_Ch0_Ch1_IRQHandler
                0x00000590                SWI_IRQHandler
                0x00000590                ADC0_IRQHandler
                0x00000590                FTM2_Ch4_Ch5_IRQHandler
                0x00000590                UsageFault_Handler
                0x00000590                FTM0_Ovf_Reload_IRQHandler
                0x00000590                DefaultISR
                0x00000590                DMA9_IRQHandler
                0x00000590                Reserved58_IRQHandler
                0x00000590                CAN1_ORed_0_15_MB_IRQHandler
                0x00000590                FTM1_Ch2_Ch3_IRQHandler
                0x00000590                DMA14_IRQHandler
                0x00000590                Reserved82_IRQHandler
                0x00000590                CAN0_ORed_16_31_MB_IRQHandler
                0x00000590                LPI2C0_Slave_IRQHandler
                0x00000590                Reserved71_IRQHandler
                0x00000590                PORTD_IRQHandler
                0x00000590                Reserved69_IRQHandler
                0x00000590                PORTB_IRQHandler
                0x00000590                Reserved70_IRQHandler
                0x00000590                ADC1_IRQHandler
                0x00000590                FTM2_Ch2_Ch3_IRQHandler
                0x00000590                Reserved53_IRQHandler
                0x00000590                DMA5_IRQHandler
                0x00000590                RTC_IRQHandler
                0x00000590                PDB0_IRQHandler
                0x00000590                Reserved54_IRQHandler
                0x00000590                FTM2_Ch6_Ch7_IRQHandler
                0x00000590                FTM3_Ch2_Ch3_IRQHandler
                0x00000590                FTM2_Ch0_Ch1_IRQHandler
                0x00000590                LPSPI1_IRQHandler
                0x00000590                LPUART1_RxTx_IRQHandler
                0x00000590                RTC_Seconds_IRQHandler
                0x00000590                CAN2_ORed_IRQHandler
                0x00000590                Reserved72_IRQHandler
                0x00000590                Reserved110_IRQHandler
                0x00000590                DMA11_IRQHandler
                0x00000590                Reserved107_IRQHandler
                0x00000590                Read_Collision_IRQHandler
                0x00000590                CAN2_Error_IRQHandler
                0x00000590                FTFC_IRQHandler
                0x00000590                DMA7_IRQHandler
                0x00000590                FTM1_Ch6_Ch7_IRQHandler
                0x00000590                Reserved105_IRQHandler
                0x00000590                LPIT0_Ch1_IRQHandler
                0x00000590                FTM1_Ch4_Ch5_IRQHandler
                0x00000590                FTM3_Ovf_Reload_IRQHandler
                0x00000590                LPUART2_RxTx_IRQHandler
                0x00000590                LPSPI0_IRQHandler
                0x00000590                WDOG_EWM_IRQHandler
                0x00000590                MemManage_Handler
                0x00000590                Reserved90_IRQHandler
                0x00000590                Reserved83_IRQHandler
                0x00000590                FTM0_Fault_IRQHandler
                0x00000590                Reserved48_IRQHandler
                0x00000590                SVC_Handler
                0x00000590                ERM_single_fault_IRQHandler
                0x00000590                FTM2_Fault_IRQHandler
                0x00000590                FTM0_Ch2_Ch3_IRQHandler
                0x00000590                DMA13_IRQHandler
                0x00000590                FTM0_Ch0_Ch1_IRQHandler
                0x00000590                FTM3_Fault_IRQHandler
                0x00000590                RCM_IRQHandler
                0x00000590                DMA3_IRQHandler
                0x00000590                Reserved100_IRQHandler
                0x00000590                DMA0_IRQHandler
                0x00000590                Reserved91_IRQHandler
                0x00000590                CAN1_ORed_IRQHandler
                0x00000590                DMA15_IRQHandler
                0x00000590                SCG_IRQHandler
                0x00000590                PDB1_IRQHandler
                0x00000590                Reserved81_IRQHandler
                0x00000590                Reserved46_IRQHandler
                0x00000590                Reserved45_IRQHandler
                0x00000590                CAN0_Error_IRQHandler
                0x00000590                Reserved112_IRQHandler
                0x00000590                LPI2C0_Master_IRQHandler
                0x00000590                DMA4_IRQHandler
                0x00000590                FTM1_Fault_IRQHandler
                0x00000590                Reserved106_IRQHandler
                0x00000590                DMA_Error_IRQHandler
                0x00000590                LVD_LVW_IRQHandler
                0x00000590                LPIT0_Ch2_IRQHandler
                0x00000590                PORTA_IRQHandler
                0x00000590                MCM_IRQHandler
                0x00000590                LPSPI2_IRQHandler
                0x00000590                DMA12_IRQHandler
                0x00000590                FTM3_Ch4_Ch5_IRQHandler
                0x00000590                PORTE_IRQHandler
                0x00000590                LPUART0_RxTx_IRQHandler
                0x00000590                LPTMR0_IRQHandler
                0x00000590                BusFault_Handler
                0x00000590                Reserved87_IRQHandler
                0x00000590                FTM1_Ovf_Reload_IRQHandler
                0x00000590                DMA8_IRQHandler
                0x00000590                Reserved93_IRQHandler
                0x00000590                DMA10_IRQHandler
                0x00000590                CAN0_Wake_Up_IRQHandler
                0x00000590                CMP0_IRQHandler
                0x00000590                Reserved52_IRQHandler
                0x00000590                PORTC_IRQHandler
                0x00000590                DMA6_IRQHandler
                0x00000590                FTM1_Ch0_Ch1_IRQHandler
                0x00000590                FLEXIO_IRQHandler
                0x00000590                DMA1_IRQHandler
                0x00000590                Reserved113_IRQHandler
 *(.text*)
 .text.init_data_bss
                0x00000594       0x9c ./Project_Settings/Startup_Code/startup.o
                0x00000594                init_data_bss
 .text.SystemInit
                0x00000630       0x20 ./Project_Settings/Startup_Code/system_S32K144.o
                0x00000630                SystemInit
 .text.ADC_init
                0x00000650       0x50 ./src/ADC.o
                0x00000650                ADC_init
 .text.convertAdcChan
                0x000006a0       0x18 ./src/ADC.o
                0x000006a0                convertAdcChan
 .text.adc_complete
                0x000006b8       0x10 ./src/ADC.o
                0x000006b8                adc_complete
 .text.read_adc_chx
                0x000006c8       0x28 ./src/ADC.o
                0x000006c8                read_adc_chx
 .text.Can_Init
                0x000006f0      0x2f0 ./src/Can.o
                0x000006f0                Can_Init
 .text.Can_SetControllerMode
                0x000009e0      0x328 ./src/Can.o
                0x000009e0                Can_SetControllerMode
 .text.Can_Write
                0x00000d08       0xf0 ./src/Can.o
                0x00000d08                Can_Write
 .text.CAN0_ORed_0_15_MB_IRQHandler
                0x00000df8       0xe4 ./src/Can.o
                0x00000df8                CAN0_ORed_0_15_MB_IRQHandler
 .text.FlexCan1_ISR
                0x00000edc       0x18 ./src/Can.o
                0x00000edc                FlexCan1_ISR
 .text.FlexCan2_ISR
                0x00000ef4       0x18 ./src/Can.o
                0x00000ef4                FlexCan2_ISR
 .text.Det_ReportError
                0x00000f0c        0x4 ./src/Det.o
                0x00000f0c                Det_ReportError
 .text.LPUART1_init
                0x00000f10       0x38 ./src/LPUART.o
                0x00000f10                LPUART1_init
 .text.LPUART1_transmit_char
                0x00000f48       0x10 ./src/LPUART.o
                0x00000f48                LPUART1_transmit_char
 .text.SOSC_init_8MHz
                0x00000f58       0x30 ./src/clocks_and_modes.o
                0x00000f58                SOSC_init_8MHz
 .text.SPLL_init_160MHz
                0x00000f88       0x54 ./src/clocks_and_modes.o
                0x00000f88                SPLL_init_160MHz
 .text.NormalRUNmode_80MHz
                0x00000fdc       0x24 ./src/clocks_and_modes.o
                0x00000fdc                NormalRUNmode_80MHz
 .text.PORT_init
                0x00001000       0x9c ./src/main.o
                0x00001000                PORT_init
 .text.startup.main
                0x0000109c       0x98 ./src/main.o
                0x0000109c                main
 .text.exit     0x00001134       0x20 F:/Embedded&Automotive/S32K144/Install/S32DS/build_tools/gcc_v6.3/gcc-6.3-arm32-eabi/arm-none-eabi/newlib/lib/thumb/v7e-m\libc.a(lib_a-exit.o)
                0x00001134                exit
 .text.__libc_init_array
                0x00001154       0x48 F:/Embedded&Automotive/S32K144/Install/S32DS/build_tools/gcc_v6.3/gcc-6.3-arm32-eabi/arm-none-eabi/newlib/lib/thumb/v7e-m\libc.a(lib_a-init.o)
                0x00001154                __libc_init_array
 .text.memcpy   0x0000119c       0x16 F:/Embedded&Automotive/S32K144/Install/S32DS/build_tools/gcc_v6.3/gcc-6.3-arm32-eabi/arm-none-eabi/newlib/lib/thumb/v7e-m\libc.a(lib_a-memcpy-stub.o)
                0x0000119c                memcpy
 .text.memset   0x000011b2       0x10 F:/Embedded&Automotive/S32K144/Install/S32DS/build_tools/gcc_v6.3/gcc-6.3-arm32-eabi/arm-none-eabi/newlib/lib/thumb/v7e-m\libc.a(lib_a-memset.o)
                0x000011b2                memset
 *fill*         0x000011c2        0x2 
 .text.startup.register_fini
                0x000011c4       0x14 F:/Embedded&Automotive/S32K144/Install/S32DS/build_tools/gcc_v6.3/gcc-6.3-arm32-eabi/arm-none-eabi/newlib/lib/thumb/v7e-m\libc.a(lib_a-__call_atexit.o)
 .text.__call_exitprocs
                0x000011d8       0xc8 F:/Embedded&Automotive/S32K144/Install/S32DS/build_tools/gcc_v6.3/gcc-6.3-arm32-eabi/arm-none-eabi/newlib/lib/thumb/v7e-m\libc.a(lib_a-__call_atexit.o)
                0x000011d8                __call_exitprocs
 .text.__libc_fini_array
                0x000012a0       0x28 F:/Embedded&Automotive/S32K144/Install/S32DS/build_tools/gcc_v6.3/gcc-6.3-arm32-eabi/arm-none-eabi/newlib/lib/thumb/v7e-m\libc.a(lib_a-fini.o)
                0x000012a0                __libc_fini_array
 .text.atexit   0x000012c8        0xc F:/Embedded&Automotive/S32K144/Install/S32DS/build_tools/gcc_v6.3/gcc-6.3-arm32-eabi/arm-none-eabi/newlib/lib/thumb/v7e-m\libc.a(lib_a-atexit.o)
                0x000012c8                atexit
 .text.__register_exitproc
                0x000012d4       0x98 F:/Embedded&Automotive/S32K144/Install/S32DS/build_tools/gcc_v6.3/gcc-6.3-arm32-eabi/arm-none-eabi/newlib/lib/thumb/v7e-m\libc.a(lib_a-__atexit.o)
                0x000012d4                __register_exitproc
 .text._exit    0x0000136c        0x2 F:/Embedded&Automotive/S32K144/Install/S32DS/build_tools/gcc_v6.3/gcc-6.3-arm32-eabi/arm-none-eabi/newlib/lib/thumb/v7e-m\libnosys.a(_exit.o)
                0x0000136c                _exit
 *(.rodata)
 *(.rodata*)
 *fill*         0x0000136e        0x2 
 .rodata.CAN_BASE_ADDRESSES
                0x00001370        0xc ./src/Can.o
 .rodata.MAXMB  0x0000137c        0x3 ./src/Can.o
 *fill*         0x0000137f        0x1 
 .rodata.PCC_CAN_OFFSETS
                0x00001380        0xc ./src/Can.o
 .rodata.TotalNumOfBuffers
                0x0000138c        0x3 ./src/Can.o
 *fill*         0x0000138f        0x1 
 .rodata._global_impure_ptr
                0x00001390        0x4 F:/Embedded&Automotive/S32K144/Install/S32DS/build_tools/gcc_v6.3/gcc-6.3-arm32-eabi/arm-none-eabi/newlib/lib/thumb/v7e-m\libc.a(lib_a-impure.o)
                0x00001390                _global_impure_ptr
 *(.glue_7)
 .glue_7        0x00001394        0x0 linker stubs
 *(.glue_7t)
 .glue_7t       0x00001394        0x0 linker stubs
 *(.eh_frame)
 .eh_frame      0x00001394        0x0 f:/embedded&automotive/s32k144/install/s32ds/build_tools/gcc_v6.3/gcc-6.3-arm32-eabi/bin/../lib/gcc/arm-none-eabi/6.3.1/thumb/v7e-m/crtbegin.o
 *(.init)
 .init          0x00001394        0x4 f:/embedded&automotive/s32k144/install/s32ds/build_tools/gcc_v6.3/gcc-6.3-arm32-eabi/bin/../lib/gcc/arm-none-eabi/6.3.1/thumb/v7e-m/crti.o
                0x00001394                _init
 .init          0x00001398        0x8 f:/embedded&automotive/s32k144/install/s32ds/build_tools/gcc_v6.3/gcc-6.3-arm32-eabi/bin/../lib/gcc/arm-none-eabi/6.3.1/thumb/v7e-m/crtn.o
 *(.fini)
 .fini          0x000013a0        0x4 f:/embedded&automotive/s32k144/install/s32ds/build_tools/gcc_v6.3/gcc-6.3-arm32-eabi/bin/../lib/gcc/arm-none-eabi/6.3.1/thumb/v7e-m/crti.o
                0x000013a0                _fini
 .fini          0x000013a4        0x8 f:/embedded&automotive/s32k144/install/s32ds/build_tools/gcc_v6.3/gcc-6.3-arm32-eabi/bin/../lib/gcc/arm-none-eabi/6.3.1/thumb/v7e-m/crtn.o
                0x000013ac                . = ALIGN (0x4)

.vfp11_veneer   0x000013ac        0x0
 .vfp11_veneer  0x000013ac        0x0 linker stubs

.v4_bx          0x000013ac        0x0
 .v4_bx         0x000013ac        0x0 linker stubs

.iplt           0x000013ac        0x0
 .iplt          0x000013ac        0x0 f:/embedded&automotive/s32k144/install/s32ds/build_tools/gcc_v6.3/gcc-6.3-arm32-eabi/bin/../lib/gcc/arm-none-eabi/6.3.1/thumb/v7e-m/crtbegin.o

.ARM.extab
 *(.ARM.extab* .gnu.linkonce.armextab.*)

.ARM            0x000013ac        0x8
                0x000013ac                __exidx_start = .
 *(.ARM.exidx*)
 .ARM.exidx     0x000013ac        0x8 F:/Embedded&Automotive/S32K144/Install/S32DS/build_tools/gcc_v6.3/gcc-6.3-arm32-eabi/arm-none-eabi/newlib/lib/thumb/v7e-m/crt0.o
                0x000013b4                __exidx_end = .

.rel.dyn        0x000013b4        0x0
 .rel.iplt      0x000013b4        0x0 f:/embedded&automotive/s32k144/install/s32ds/build_tools/gcc_v6.3/gcc-6.3-arm32-eabi/bin/../lib/gcc/arm-none-eabi/6.3.1/thumb/v7e-m/crtbegin.o

.ctors          0x000013b4        0x0
                0x000013b4                __CTOR_LIST__ = .
 *crtbegin.o(.ctors)
 *crtbegin?.o(.ctors)
 *(EXCLUDE_FILE(*crtend.o *crtend?.o) .ctors)
 *(SORT(.ctors.*))
 *(.ctors)
                0x000013b4                __CTOR_END__ = .

.dtors          0x000013b4        0x0
                0x000013b4                __DTOR_LIST__ = .
 *crtbegin.o(.dtors)
 *crtbegin?.o(.dtors)
 *(EXCLUDE_FILE(*crtend.o *crtend?.o) .dtors)
 *(SORT(.dtors.*))
 *(.dtors)
                0x000013b4                __DTOR_END__ = .

.preinit_array  0x000013b4        0x0
                0x000013b4                PROVIDE (__preinit_array_start, .)
 *(.preinit_array*)
                0x000013b4                PROVIDE (__preinit_array_end, .)

.init_array     0x000013b4        0x8
                0x000013b4                PROVIDE (__init_array_start, .)
 *(SORT(.init_array.*))
 .init_array.00000
                0x000013b4        0x4 F:/Embedded&Automotive/S32K144/Install/S32DS/build_tools/gcc_v6.3/gcc-6.3-arm32-eabi/arm-none-eabi/newlib/lib/thumb/v7e-m\libc.a(lib_a-__call_atexit.o)
 *(.init_array*)
 .init_array    0x000013b8        0x4 f:/embedded&automotive/s32k144/install/s32ds/build_tools/gcc_v6.3/gcc-6.3-arm32-eabi/bin/../lib/gcc/arm-none-eabi/6.3.1/thumb/v7e-m/crtbegin.o
                0x000013bc                PROVIDE (__init_array_end, .)

.fini_array     0x000013bc        0x4
                0x000013bc                PROVIDE (__fini_array_start, .)
 *(SORT(.fini_array.*))
 *(.fini_array*)
 .fini_array    0x000013bc        0x4 f:/embedded&automotive/s32k144/install/s32ds/build_tools/gcc_v6.3/gcc-6.3-arm32-eabi/bin/../lib/gcc/arm-none-eabi/6.3.1/thumb/v7e-m/crtbegin.o
                0x000013c0                PROVIDE (__fini_array_end, .)
                0x000013c0                __etext = .
                0x000013c0                __DATA_ROM = .

.interrupts_ram
                0x1fff8000      0x400
                0x1fff8000                . = ALIGN (0x4)
                0x1fff8000                __VECTOR_RAM__ = .
                0x1fff8000                __RAM_START = .
                0x1fff8000                __interrupts_ram_start__ = .
 *(.m_interrupts_ram)
                0x1fff8400                . = (. + M_VECTOR_RAM_SIZE)
 *fill*         0x1fff8000      0x400 
                0x1fff8400                . = ALIGN (0x4)
                0x1fff8400                __interrupts_ram_end__ = .
                0x1fff8000                __VECTOR_RAM = DEFINED (__flash_vector_table__)?ORIGIN (m_interrupts):__VECTOR_RAM__
                0x00000400                __RAM_VECTOR_TABLE_SIZE = DEFINED (__flash_vector_table__)?0x0:(__interrupts_ram_end__ - __interrupts_ram_start__)

.data           0x1fff8400      0x4ac load address 0x000013c0
                0x1fff8400                . = ALIGN (0x4)
                0x1fff8400                __DATA_RAM = .
                0x1fff8400                __data_start__ = .
 *(.data)
 *(.data*)
 .data.NumOfIntDis
                0x1fff8400        0x3 ./src/Can.o
 *fill*         0x1fff8403        0x1 
 .data.CanControllerBaudrateConfig_arr
                0x1fff8404       0x18 ./src/Can_PBcfg.o
                0x1fff8404                CanControllerBaudrateConfig_arr
 .data.CanController_arr
                0x1fff841c       0x30 ./src/Can_PBcfg.o
                0x1fff841c                CanController_arr
 .data.CanHardwareObject_arr
                0x1fff844c       0x28 ./src/Can_PBcfg.o
                0x1fff844c                CanHardwareObject_arr
 .data.CanHwFilterHRH
                0x1fff8474       0x10 ./src/Can_PBcfg.o
                0x1fff8474                CanHwFilterHRH
 .data.Can_ConfigType_Handle
                0x1fff8484        0xc ./src/Can_PBcfg.o
                0x1fff8484                Can_ConfigType_Handle
 .data.impure_data
                0x1fff8490      0x418 F:/Embedded&Automotive/S32K144/Install/S32DS/build_tools/gcc_v6.3/gcc-6.3-arm32-eabi/arm-none-eabi/newlib/lib/thumb/v7e-m\libc.a(lib_a-impure.o)
 *(.jcr*)
 .jcr           0x1fff88a8        0x0 f:/embedded&automotive/s32k144/install/s32ds/build_tools/gcc_v6.3/gcc-6.3-arm32-eabi/bin/../lib/gcc/arm-none-eabi/6.3.1/thumb/v7e-m/crtbegin.o
 .jcr           0x1fff88a8        0x4 f:/embedded&automotive/s32k144/install/s32ds/build_tools/gcc_v6.3/gcc-6.3-arm32-eabi/bin/../lib/gcc/arm-none-eabi/6.3.1/thumb/v7e-m/crtend.o
                0x1fff88ac                . = ALIGN (0x4)
                0x1fff88ac                __data_end__ = .
                0x0000186c                __DATA_END = (__DATA_ROM + (__data_end__ - __data_start__))
                0x0000186c                __CODE_ROM = __DATA_END

.tm_clone_table
                0x1fff88ac        0x0 load address 0x0000186c
 .tm_clone_table
                0x1fff88ac        0x0 f:/embedded&automotive/s32k144/install/s32ds/build_tools/gcc_v6.3/gcc-6.3-arm32-eabi/bin/../lib/gcc/arm-none-eabi/6.3.1/thumb/v7e-m/crtbegin.o
 .tm_clone_table
                0x1fff88ac        0x0 f:/embedded&automotive/s32k144/install/s32ds/build_tools/gcc_v6.3/gcc-6.3-arm32-eabi/bin/../lib/gcc/arm-none-eabi/6.3.1/thumb/v7e-m/crtend.o

.igot.plt       0x1fff88ac        0x0 load address 0x0000186c
 .igot.plt      0x1fff88ac        0x0 f:/embedded&automotive/s32k144/install/s32ds/build_tools/gcc_v6.3/gcc-6.3-arm32-eabi/bin/../lib/gcc/arm-none-eabi/6.3.1/thumb/v7e-m/crtbegin.o

.code           0x1fff88ac        0x0 load address 0x0000186c
                0x1fff88ac                . = ALIGN (0x4)
                0x1fff88ac                __CODE_RAM = .
                0x1fff88ac                __code_start__ = .
                0x1fff88ac                __code_ram_start__ = .
 *(.code_ram)
                0x1fff88ac                . = ALIGN (0x4)
                0x1fff88ac                __code_end__ = .
                0x1fff88ac                __code_ram_end__ = .
                0x0000186c                __CODE_END = (__CODE_ROM + (__code_end__ - __code_start__))
                0x0000186c                __CUSTOM_ROM = __CODE_END

.customSectionBlock
                0x20000000        0x0 load address 0x0000186c
                0x20000000                __customSection_start__ = .
 *(.customSection)
                0x20000000                __customSection_end__ = .
                0x0000186c                __CUSTOM_END = (__CUSTOM_ROM + (__customSection_end__ - __customSection_start__))

.bss            0x20000000       0xd4
                0x20000000                . = ALIGN (0x4)
                0x20000000                __BSS_START = .
                0x20000000                __bss_start__ = .
 *(.bss)
 .bss           0x20000000       0x1c f:/embedded&automotive/s32k144/install/s32ds/build_tools/gcc_v6.3/gcc-6.3-arm32-eabi/bin/../lib/gcc/arm-none-eabi/6.3.1/thumb/v7e-m/crtbegin.o
 *(.bss*)
 .bss.BufferCounter
                0x2000001c        0x1 ./src/Can.o
 *fill*         0x2000001d        0x3 
 .bss.CAN_CONTROLLERS_STATES
                0x20000020        0x3 ./src/Can.o
 .bss.CAN_MODULE_STATE
                0x20000023        0x1 ./src/Can.o
 .bss.Can_HRH_Array
                0x20000024       0x3c ./src/Can.o
 .bss.Can_HTH_Array
                0x20000060       0x3c ./src/Can.o
 .bss.HOCounter
                0x2000009c        0x1 ./src/Can.o
 *fill*         0x2000009d        0x3 
 .bss.RAMn      0x200000a0        0x4 ./src/Can.o
 .bss.RXIMRn    0x200000a4        0x4 ./src/Can.o
 .bss.Received_Mailbox
                0x200000a8       0x10 ./src/Can.o
 .bss.RxBufferCounter
                0x200000b8        0x1 ./src/Can.o
 *fill*         0x200000b9        0x3 
 .bss.TempConfig
                0x200000bc        0x4 ./src/Can.o
 .bss.TxBufferCounter
                0x200000c0        0x1 ./src/Can.o
 .bss.i         0x200000c1        0x1 ./src/Can.o
 *fill*         0x200000c2        0x2 
 .bss.j         0x200000c4        0x4 ./src/Can.o
 .bss.rx_count  0x200000c8        0x1 ./src/Can.o
 *fill*         0x200000c9        0x3 
 .bss.CanHwFilterHTH
                0x200000cc        0x8 ./src/Can_PBcfg.o
                0x200000cc                CanHwFilterHTH
 *(COMMON)
                0x200000d4                . = ALIGN (0x4)
                0x200000d4                __bss_end__ = .
                0x200000d4                __BSS_END = .

.heap           0x200000d4      0x404
                0x200000d8                . = ALIGN (0x8)
 *fill*         0x200000d4        0x4 
                0x200000d8                __end__ = .
                0x200000d8                __heap_start__ = .
                [!provide]                PROVIDE (end, .)
                [!provide]                PROVIDE (_end, .)
                [!provide]                PROVIDE (__end, .)
                0x200000d8                __HeapBase = .
                0x200004d8                . = (. + HEAP_SIZE)
 *fill*         0x200000d8      0x400 
                0x200004d8                __HeapLimit = .
                0x200004d8                __heap_limit = .
                0x200004d8                __heap_end__ = .
                0x20007000                __StackTop = (ORIGIN (m_data_2) + LENGTH (m_data_2))
                0x20006c00                __StackLimit = (__StackTop - STACK_SIZE)
                0x20007000                PROVIDE (__stack, __StackTop)
                0x20007000                __RAM_END = __StackTop

.stack          0x20006c00      0x400
                0x20006c00                . = ALIGN (0x8)
                0x20006c00                __stack_start__ = .
                0x20007000                . = (. + STACK_SIZE)
 *fill*         0x20006c00      0x400 
                0x20007000                __stack_end__ = .
                0x20000000                __START_BSS = __BSS_START
                0x200000d4                __END_BSS = __BSS_END
                0x20007000                __SP_INIT = __StackTop

.ARM.attributes
                0x00000000       0x2a
 *(.ARM.attributes)
 .ARM.attributes
                0x00000000       0x1e f:/embedded&automotive/s32k144/install/s32ds/build_tools/gcc_v6.3/gcc-6.3-arm32-eabi/bin/../lib/gcc/arm-none-eabi/6.3.1/thumb/v7e-m/crti.o
 .ARM.attributes
                0x0000001e       0x2e f:/embedded&automotive/s32k144/install/s32ds/build_tools/gcc_v6.3/gcc-6.3-arm32-eabi/bin/../lib/gcc/arm-none-eabi/6.3.1/thumb/v7e-m/crtbegin.o
 .ARM.attributes
                0x0000004c       0x1c F:/Embedded&Automotive/S32K144/Install/S32DS/build_tools/gcc_v6.3/gcc-6.3-arm32-eabi/arm-none-eabi/newlib/lib/thumb/v7e-m/crt0.o
 .ARM.attributes
                0x00000068       0x33 ./Project_Settings/Startup_Code/startup.o
 .ARM.attributes
                0x0000009b       0x1b ./Project_Settings/Startup_Code/startup_S32K144.o
 .ARM.attributes
                0x000000b6       0x33 ./Project_Settings/Startup_Code/system_S32K144.o
 .ARM.attributes
                0x000000e9       0x33 ./src/ADC.o
 .ARM.attributes
                0x0000011c       0x33 ./src/Can.o
 .ARM.attributes
                0x0000014f       0x33 ./src/Can_PBcfg.o
 .ARM.attributes
                0x00000182       0x33 ./src/Det.o
 .ARM.attributes
                0x000001b5       0x33 ./src/LPUART.o
 .ARM.attributes
                0x000001e8       0x33 ./src/clocks_and_modes.o
 .ARM.attributes
                0x0000021b       0x33 ./src/main.o
 .ARM.attributes
                0x0000024e       0x2e F:/Embedded&Automotive/S32K144/Install/S32DS/build_tools/gcc_v6.3/gcc-6.3-arm32-eabi/arm-none-eabi/newlib/lib/thumb/v7e-m\libc.a(lib_a-exit.o)
 .ARM.attributes
                0x0000027c       0x2e F:/Embedded&Automotive/S32K144/Install/S32DS/build_tools/gcc_v6.3/gcc-6.3-arm32-eabi/arm-none-eabi/newlib/lib/thumb/v7e-m\libc.a(lib_a-impure.o)
 .ARM.attributes
                0x000002aa       0x2e F:/Embedded&Automotive/S32K144/Install/S32DS/build_tools/gcc_v6.3/gcc-6.3-arm32-eabi/arm-none-eabi/newlib/lib/thumb/v7e-m\libc.a(lib_a-init.o)
 .ARM.attributes
                0x000002d8       0x2e F:/Embedded&Automotive/S32K144/Install/S32DS/build_tools/gcc_v6.3/gcc-6.3-arm32-eabi/arm-none-eabi/newlib/lib/thumb/v7e-m\libc.a(lib_a-memcpy-stub.o)
 .ARM.attributes
                0x00000306       0x2e F:/Embedded&Automotive/S32K144/Install/S32DS/build_tools/gcc_v6.3/gcc-6.3-arm32-eabi/arm-none-eabi/newlib/lib/thumb/v7e-m\libc.a(lib_a-memset.o)
 .ARM.attributes
                0x00000334       0x2e F:/Embedded&Automotive/S32K144/Install/S32DS/build_tools/gcc_v6.3/gcc-6.3-arm32-eabi/arm-none-eabi/newlib/lib/thumb/v7e-m\libc.a(lib_a-__call_atexit.o)
 .ARM.attributes
                0x00000362       0x2e F:/Embedded&Automotive/S32K144/Install/S32DS/build_tools/gcc_v6.3/gcc-6.3-arm32-eabi/arm-none-eabi/newlib/lib/thumb/v7e-m\libc.a(lib_a-fini.o)
 .ARM.attributes
                0x00000390       0x2e F:/Embedded&Automotive/S32K144/Install/S32DS/build_tools/gcc_v6.3/gcc-6.3-arm32-eabi/arm-none-eabi/newlib/lib/thumb/v7e-m\libc.a(lib_a-atexit.o)
 .ARM.attributes
                0x000003be       0x2e F:/Embedded&Automotive/S32K144/Install/S32DS/build_tools/gcc_v6.3/gcc-6.3-arm32-eabi/arm-none-eabi/newlib/lib/thumb/v7e-m\libc.a(lib_a-__atexit.o)
 .ARM.attributes
                0x000003ec       0x2e F:/Embedded&Automotive/S32K144/Install/S32DS/build_tools/gcc_v6.3/gcc-6.3-arm32-eabi/arm-none-eabi/newlib/lib/thumb/v7e-m\libnosys.a(_exit.o)
 .ARM.attributes
                0x0000041a       0x2e f:/embedded&automotive/s32k144/install/s32ds/build_tools/gcc_v6.3/gcc-6.3-arm32-eabi/bin/../lib/gcc/arm-none-eabi/6.3.1/thumb/v7e-m/crtend.o
 .ARM.attributes
                0x00000448       0x1e f:/embedded&automotive/s32k144/install/s32ds/build_tools/gcc_v6.3/gcc-6.3-arm32-eabi/bin/../lib/gcc/arm-none-eabi/6.3.1/thumb/v7e-m/crtn.o
                0x00000001                ASSERT ((__StackLimit >= __HeapLimit), region m_data_2 overflowed with stack and heap)
OUTPUT(AutosarCanTest.elf elf32-littlearm)

.comment        0x00000000       0xa0
 .comment       0x00000000       0xa0 f:/embedded&automotive/s32k144/install/s32ds/build_tools/gcc_v6.3/gcc-6.3-arm32-eabi/bin/../lib/gcc/arm-none-eabi/6.3.1/thumb/v7e-m/crtbegin.o
                                 0xa1 (size before relaxing)
 .comment       0x000000a0       0xa1 ./Project_Settings/Startup_Code/startup.o
 .comment       0x000000a0       0xa1 ./Project_Settings/Startup_Code/system_S32K144.o
 .comment       0x000000a0       0xa1 ./src/ADC.o
 .comment       0x000000a0       0xa1 ./src/Can.o
 .comment       0x000000a0       0xa1 ./src/Can_PBcfg.o
 .comment       0x000000a0       0xa1 ./src/Det.o
 .comment       0x000000a0       0xa1 ./src/LPUART.o
 .comment       0x000000a0       0xa1 ./src/clocks_and_modes.o
 .comment       0x000000a0       0xa1 ./src/main.o
 .comment       0x000000a0       0xa1 f:/embedded&automotive/s32k144/install/s32ds/build_tools/gcc_v6.3/gcc-6.3-arm32-eabi/bin/../lib/gcc/arm-none-eabi/6.3.1/thumb/v7e-m/crtend.o

.debug_frame    0x00000000      0x190
 .debug_frame   0x00000000       0x28 F:/Embedded&Automotive/S32K144/Install/S32DS/build_tools/gcc_v6.3/gcc-6.3-arm32-eabi/arm-none-eabi/newlib/lib/thumb/v7e-m\libc.a(lib_a-exit.o)
 .debug_frame   0x00000028       0x2c F:/Embedded&Automotive/S32K144/Install/S32DS/build_tools/gcc_v6.3/gcc-6.3-arm32-eabi/arm-none-eabi/newlib/lib/thumb/v7e-m\libc.a(lib_a-init.o)
 .debug_frame   0x00000054       0x28 F:/Embedded&Automotive/S32K144/Install/S32DS/build_tools/gcc_v6.3/gcc-6.3-arm32-eabi/arm-none-eabi/newlib/lib/thumb/v7e-m\libc.a(lib_a-memcpy-stub.o)
 .debug_frame   0x0000007c       0x20 F:/Embedded&Automotive/S32K144/Install/S32DS/build_tools/gcc_v6.3/gcc-6.3-arm32-eabi/arm-none-eabi/newlib/lib/thumb/v7e-m\libc.a(lib_a-memset.o)
 .debug_frame   0x0000009c       0x4c F:/Embedded&Automotive/S32K144/Install/S32DS/build_tools/gcc_v6.3/gcc-6.3-arm32-eabi/arm-none-eabi/newlib/lib/thumb/v7e-m\libc.a(lib_a-__call_atexit.o)
 .debug_frame   0x000000e8       0x38 F:/Embedded&Automotive/S32K144/Install/S32DS/build_tools/gcc_v6.3/gcc-6.3-arm32-eabi/arm-none-eabi/newlib/lib/thumb/v7e-m\libc.a(lib_a-fini.o)
 .debug_frame   0x00000120       0x20 F:/Embedded&Automotive/S32K144/Install/S32DS/build_tools/gcc_v6.3/gcc-6.3-arm32-eabi/arm-none-eabi/newlib/lib/thumb/v7e-m\libc.a(lib_a-atexit.o)
 .debug_frame   0x00000140       0x30 F:/Embedded&Automotive/S32K144/Install/S32DS/build_tools/gcc_v6.3/gcc-6.3-arm32-eabi/arm-none-eabi/newlib/lib/thumb/v7e-m\libc.a(lib_a-__atexit.o)
 .debug_frame   0x00000170       0x20 F:/Embedded&Automotive/S32K144/Install/S32DS/build_tools/gcc_v6.3/gcc-6.3-arm32-eabi/arm-none-eabi/newlib/lib/thumb/v7e-m\libnosys.a(_exit.o)
